Archive member included to satisfy reference by file (symbol)

C:/MaximSDK/Libraries/PeriphDrivers/bin/MAX32665/softfp/libPeriphDriver_softfp.a(mxc_delay.o)
                              c:/Users/jorda/clo/magpie/magpie_code_snippets/sd_mux_control/build/startup_max32665.o (SysTick_Handler)
C:/MaximSDK/Libraries/PeriphDrivers/bin/MAX32665/softfp/libPeriphDriver_softfp.a(sys_me14.o)
                              c:/Users/jorda/clo/magpie/magpie_code_snippets/sd_mux_control/build/system_max32665.o (MXC_SYS_ClockEnable)
C:/MaximSDK/Libraries/PeriphDrivers/bin/MAX32665/softfp/libPeriphDriver_softfp.a(flc_me14.o)
                              C:/MaximSDK/Libraries/PeriphDrivers/bin/MAX32665/softfp/libPeriphDriver_softfp.a(sys_me14.o) (MXC_FLC_UnlockInfoBlock)
C:/MaximSDK/Libraries/PeriphDrivers/bin/MAX32665/softfp/libPeriphDriver_softfp.a(flc_reva.o)
                              C:/MaximSDK/Libraries/PeriphDrivers/bin/MAX32665/softfp/libPeriphDriver_softfp.a(flc_me14.o) (MXC_FLC_RevA_Busy)
C:/MaximSDK/Libraries/PeriphDrivers/bin/MAX32665/softfp/libPeriphDriver_softfp.a(gpio_me14.o)
                              c:/Users/jorda/clo/magpie/magpie_code_snippets/sd_mux_control/build/pb.o (MXC_GPIO_InGet)
C:/MaximSDK/Libraries/PeriphDrivers/bin/MAX32665/softfp/libPeriphDriver_softfp.a(gpio_reva.o)
                              C:/MaximSDK/Libraries/PeriphDrivers/bin/MAX32665/softfp/libPeriphDriver_softfp.a(gpio_me14.o) (MXC_GPIO_RevA_InGet)
C:/MaximSDK/Libraries/PeriphDrivers/bin/MAX32665/softfp/libPeriphDriver_softfp.a(i2c_me14.o)
                              c:/Users/jorda/clo/magpie/magpie_code_snippets/sd_mux_control/build/main.o (MXC_I2C_Init)
C:/MaximSDK/Libraries/PeriphDrivers/bin/MAX32665/softfp/libPeriphDriver_softfp.a(i2c_reva.o)
                              C:/MaximSDK/Libraries/PeriphDrivers/bin/MAX32665/softfp/libPeriphDriver_softfp.a(i2c_me14.o) (MXC_I2C_RevA_DMACallback)
C:/MaximSDK/Libraries/PeriphDrivers/bin/MAX32665/softfp/libPeriphDriver_softfp.a(sdhc_me14.o)
                              c:/Users/jorda/clo/magpie/magpie_code_snippets/sd_mux_control/build/sd_card.o (MXC_SDHC_Init)
C:/MaximSDK/Libraries/PeriphDrivers/bin/MAX32665/softfp/libPeriphDriver_softfp.a(sdhc_reva.o)
                              C:/MaximSDK/Libraries/PeriphDrivers/bin/MAX32665/softfp/libPeriphDriver_softfp.a(sdhc_me14.o) (MXC_SDHC_RevA_Set_Clock_Config)
C:/MaximSDK/Libraries/PeriphDrivers/bin/MAX32665/softfp/libPeriphDriver_softfp.a(tpu_me14.o)
                              C:/MaximSDK/Libraries/PeriphDrivers/bin/MAX32665/softfp/libPeriphDriver_softfp.a(sys_me14.o) (MXC_TPU_Cipher_Config)
C:/MaximSDK/Libraries/PeriphDrivers/bin/MAX32665/softfp/libPeriphDriver_softfp.a(tpu_reva.o)
                              C:/MaximSDK/Libraries/PeriphDrivers/bin/MAX32665/softfp/libPeriphDriver_softfp.a(tpu_me14.o) (MXC_TPU_RevA_Reset)
C:/MaximSDK/Libraries/PeriphDrivers/bin/MAX32665/softfp/libPeriphDriver_softfp.a(uart_me14.o)
                              c:/Users/jorda/clo/magpie/magpie_code_snippets/sd_mux_control/build/board.o (MXC_UART_Shutdown)
C:/MaximSDK/Libraries/PeriphDrivers/bin/MAX32665/softfp/libPeriphDriver_softfp.a(uart_reva.o)
                              C:/MaximSDK/Libraries/PeriphDrivers/bin/MAX32665/softfp/libPeriphDriver_softfp.a(uart_me14.o) (MXC_UART_RevA_Init)
C:/MaximSDK/Libraries/PeriphDrivers/bin/MAX32665/softfp/libPeriphDriver_softfp.a(nvic_table.o)
                              C:/MaximSDK/Libraries/PeriphDrivers/bin/MAX32665/softfp/libPeriphDriver_softfp.a(uart_reva.o) (MXC_NVIC_SetVector)
C:/MaximSDK/Libraries/PeriphDrivers/bin/MAX32665/softfp/libPeriphDriver_softfp.a(pins_me14.o)
                              C:/MaximSDK/Libraries/PeriphDrivers/bin/MAX32665/softfp/libPeriphDriver_softfp.a(sdhc_me14.o) (gpio_cfg_sdhc)
C:/MaximSDK/Libraries/PeriphDrivers/bin/MAX32665/softfp/libPeriphDriver_softfp.a(dma_me14.o)
                              C:/MaximSDK/Libraries/PeriphDrivers/bin/MAX32665/softfp/libPeriphDriver_softfp.a(i2c_reva.o) (MXC_DMA_Init)
C:/MaximSDK/Libraries/PeriphDrivers/bin/MAX32665/softfp/libPeriphDriver_softfp.a(dma_reva.o)
                              C:/MaximSDK/Libraries/PeriphDrivers/bin/MAX32665/softfp/libPeriphDriver_softfp.a(dma_me14.o) (MXC_DMA_RevA_Init)
C:/MaximSDK/Libraries/PeriphDrivers/bin/MAX32665/softfp/libPeriphDriver_softfp.a(flc_common.o)
                              C:/MaximSDK/Libraries/PeriphDrivers/bin/MAX32665/softfp/libPeriphDriver_softfp.a(flc_me14.o) (MXC_FLC_Com_VerifyData)
C:/MaximSDK/Libraries/PeriphDrivers/bin/MAX32665/softfp/libPeriphDriver_softfp.a(gpio_common.o)
                              C:/MaximSDK/Libraries/PeriphDrivers/bin/MAX32665/softfp/libPeriphDriver_softfp.a(gpio_me14.o) (MXC_GPIO_Common_Init)
C:/MaximSDK/Libraries/PeriphDrivers/bin/MAX32665/softfp/libPeriphDriver_softfp.a(uart_common.o)
                              C:/MaximSDK/Libraries/PeriphDrivers/bin/MAX32665/softfp/libPeriphDriver_softfp.a(uart_me14.o) (MXC_UART_Common_ReadCharacter)
[...]
Memory Configuration

Name             Origin             Length             Attributes
SPIX             0x08000000         0x08000000         xr
FLASH            0x10000000         0x00100000         xr
PAL_NVM_DB       0x10100000         0x00000000         r
OTP              0x20000000         0x00000000         xrw
ARM_SHARED       0x20000000         0x00000000         xrw
SDMA_SHARED      0x20000000         0x00000000         xrw
SDMA_DATA        0x20000000         0x00000000         xrw
SDMA_CODE        0x20000000         0x00000000         xrw
SRAM             0x20000000         0x0008c000         xrw
SPID             0x80000000         0x20000000         rw
*default*        0x00000000         0xffffffff

Linker script and memory map

LOAD c:/maximsdk/tools/gnutools/10.3/bin/../lib/gcc/arm-none-eabi/10.3.1/thumb/v7e-m+fp/softfp/crti.o
LOAD c:/maximsdk/tools/gnutools/10.3/bin/../lib/gcc/arm-none-eabi/10.3.1/thumb/v7e-m+fp/softfp/crtbegin.o
LOAD c:/maximsdk/tools/gnutools/10.3/bin/../lib/gcc/arm-none-eabi/10.3.1/../../../../arm-none-eabi/lib/thumb/v7e-m+fp/softfp/crt0.o
LOAD c:/Users/jorda/clo/magpie/magpie_code_snippets/sd_mux_control/build/main.o
LOAD c:/Users/jorda/clo/magpie/magpie_code_snippets/sd_mux_control/build/sd_card.o
LOAD c:/Users/jorda/clo/magpie/magpie_code_snippets/sd_mux_control/build/sd_card_bank_ctl.o
LOAD c:/Users/jorda/clo/magpie/magpie_code_snippets/sd_mux_control/build/board.o
LOAD c:/Users/jorda/clo/magpie/magpie_code_snippets/sd_mux_control/build/stdio.o
LOAD c:/Users/jorda/clo/magpie/magpie_code_snippets/sd_mux_control/build/led.o
LOAD c:/Users/jorda/clo/magpie/magpie_code_snippets/sd_mux_control/build/pb.o
LOAD c:/Users/jorda/clo/magpie/magpie_code_snippets/sd_mux_control/build/startup_max32665.o
LOAD c:/Users/jorda/clo/magpie/magpie_code_snippets/sd_mux_control/build/backup_max32665.o
LOAD c:/Users/jorda/clo/magpie/magpie_code_snippets/sd_mux_control/build/heap.o
LOAD c:/Users/jorda/clo/magpie/magpie_code_snippets/sd_mux_control/build/system_max32665.o
START GROUP
LOAD C:/MaximSDK/Libraries/PeriphDrivers/bin/MAX32665/softfp/libPeriphDriver_softfp.a
LOAD c:/Users/jorda/clo/magpie/magpie_code_snippets/sd_mux_control/build/Fat32Driver/FAT32.a
LOAD c:/Users/jorda/clo/magpie/magpie_code_snippets/sd_mux_control/build/SDHCDriver/sdhc.a
LOAD c:/maximsdk/tools/gnutools/10.3/bin/../lib/gcc/arm-none-eabi/10.3.1/../../../../arm-none-eabi/lib/thumb/v7e-m+fp/softfp\libc.a
LOAD c:/maximsdk/tools/gnutools/10.3/bin/../lib/gcc/arm-none-eabi/10.3.1/../../../../arm-none-eabi/lib/thumb/v7e-m+fp/softfp\libm.a
LOAD c:/maximsdk/tools/gnutools/10.3/bin/../lib/gcc/arm-none-eabi/10.3.1/../../../../arm-none-eabi/lib/thumb/v7e-m+fp/softfp\libnosys.a
END GROUP
START GROUP
LOAD c:/maximsdk/tools/gnutools/10.3/bin/../lib/gcc/arm-none-eabi/10.3.1/thumb/v7e-m+fp/softfp\libgcc.a
LOAD c:/maximsdk/tools/gnutools/10.3/bin/../lib/gcc/arm-none-eabi/10.3.1/../../../../arm-none-eabi/lib/thumb/v7e-m+fp/softfp\libc.a
END GROUP
LOAD c:/maximsdk/tools/gnutools/10.3/bin/../lib/gcc/arm-none-eabi/10.3.1/thumb/v7e-m+fp/softfp/crtend.o
LOAD c:/maximsdk/tools/gnutools/10.3/bin/../lib/gcc/arm-none-eabi/10.3.1/thumb/v7e-m+fp/softfp/crtn.o
                0x20000000                SRAM_ORIGIN = 0x20000000
                0x00000000                SDMA_CODE_LEN = DEFINED (SDMA_CODE_SIZE)?SDMA_CODE_SIZE:0x0
                0x00000000                SDMA_DATA_LEN = DEFINED (SDMA_DATA_SIZE)?SDMA_DATA_SIZE:0x0
                0x00000000                SDMA_LEN = (SDMA_CODE_LEN + SDMA_DATA_LEN)
                0x00000000                OTP_LEN = DEFINED (SDMA_CODE_SIZE)?0x40:0x0
                0x00000000                SHARED_LEN = DEFINED (SDMA_CODE_SIZE)?0x400:0x0
                0x00000000                SHARED_LEN_HALF = (SHARED_LEN / 0x2)
                0x20000000                OTP_ADDR = SRAM_ORIGIN
                0x20000000                SHARED_ADDR = (OTP_ADDR + OTP_LEN)
                0x20000000                SDMA_DATA_ADDR = (SHARED_ADDR + SHARED_LEN)
                0x20000000                SDMA_CODE_ADDR = (SDMA_DATA_ADDR + SDMA_DATA_LEN)
                0x20000000                SRAM_ADDR = (SDMA_CODE_ADDR + SDMA_CODE_LEN)
                0x0008c000                SRAM_LEN = (((SRAM_SIZE - OTP_LEN) - SHARED_LEN) - SDMA_LEN)
                0x00100000                FLASH_MEM_SIZE = (0x100000 - _PAL_NVM_SIZE)
                0x10100000                PAL_NVM_ORIGIN = ((0x100000 - _PAL_NVM_SIZE) + 0x10000000)

.text           0x10000000    0x1d37c
                0x10000000                _text = .
 *(.isr_vector)
 .isr_vector    0x10000000      0x1bc c:/Users/jorda/clo/magpie/magpie_code_snippets/sd_mux_control/build/startup_max32665.o
                0x10000000                __isr_vector
 *(.text*)
 .text          0x100001bc       0x40 c:/maximsdk/tools/gnutools/10.3/bin/../lib/gcc/arm-none-eabi/10.3.1/thumb/v7e-m+fp/softfp/crtbegin.o
 .text.blink_n_times
                0x100001fc       0x5c c:/Users/jorda/clo/magpie/magpie_code_snippets/sd_mux_control/build/main.o
 .text.main     0x10000258      0x1c8 c:/Users/jorda/clo/magpie/magpie_code_snippets/sd_mux_control/build/main.o
                0x10000258                main
 .text.sd_card_init
                0x10000420       0x24 c:/Users/jorda/clo/magpie/magpie_code_snippets/sd_mux_control/build/sd_card.o
                0x10000420                sd_card_init
 .text.sd_card_mount
                0x10000444       0x30 c:/Users/jorda/clo/magpie/magpie_code_snippets/sd_mux_control/build/sd_card.o
                0x10000444                sd_card_mount
 .text.sd_card_unmount
                0x10000474       0x1c c:/Users/jorda/clo/magpie/magpie_code_snippets/sd_mux_control/build/sd_card.o
                0x10000474                sd_card_unmount
 .text.sd_card_fopen
                0x10000490       0x18 c:/Users/jorda/clo/magpie/magpie_code_snippets/sd_mux_control/build/sd_card.o
                0x10000490                sd_card_fopen
 .text.sd_card_fclose
                0x100004a8       0x14 c:/Users/jorda/clo/magpie/magpie_code_snippets/sd_mux_control/build/sd_card.o
                0x100004a8                sd_card_fclose
 .text.sd_card_fwrite
                0x100004bc       0x1c c:/Users/jorda/clo/magpie/magpie_code_snippets/sd_mux_control/build/sd_card.o
                0x100004bc                sd_card_fwrite
 .text.max7312_reg_write
                0x100004d8       0x4c c:/Users/jorda/clo/magpie/magpie_code_snippets/sd_mux_control/build/sd_card_bank_ctl.o
 .text.max7312_reg_read
                0x10000524       0x40 c:/Users/jorda/clo/magpie/magpie_code_snippets/sd_mux_control/build/sd_card_bank_ctl.o
 .text.sd_card_bank_ctl_disable_all
                0x10000564       0x2c c:/Users/jorda/clo/magpie/magpie_code_snippets/sd_mux_control/build/sd_card_bank_ctl.o
                0x10000564                sd_card_bank_ctl_disable_all
 .text.sd_card_bank_ctl_init
                0x10000590       0x3c c:/Users/jorda/clo/magpie/magpie_code_snippets/sd_mux_control/build/sd_card_bank_ctl.o
                0x10000590                sd_card_bank_ctl_init
 .text.sd_card_bank_ctl_enable_slot
                0x100005cc       0x68 c:/Users/jorda/clo/magpie/magpie_code_snippets/sd_mux_control/build/sd_card_bank_ctl.o
                0x100005cc                sd_card_bank_ctl_enable_slot
 .text.sd_card_bank_ctl_read_and_cache_detect_pins
                0x10000634       0x28 c:/Users/jorda/clo/magpie/magpie_code_snippets/sd_mux_control/build/sd_card_bank_ctl.o
                0x10000634                sd_card_bank_ctl_read_and_cache_detect_pins
 .text.sd_card_bank_ctl_active_card_is_inserted
                0x1000065c       0x28 c:/Users/jorda/clo/magpie/magpie_code_snippets/sd_mux_control/build/sd_card_bank_ctl.o
                0x1000065c                sd_card_bank_ctl_active_card_is_inserted
 .text.mxc_assert
                0x10000684       0x10 c:/Users/jorda/clo/magpie/magpie_code_snippets/sd_mux_control/build/board.o
                0x10000684                mxc_assert
 .text.GPIO0_IRQHandler
                0x10000694        0xa c:/Users/jorda/clo/magpie/magpie_code_snippets/sd_mux_control/build/board.o
                0x10000694                GPIO0_IRQHandler
 *fill*         0x1000069e        0x2 
 .text.Console_Init
                0x100006a0       0x18 c:/Users/jorda/clo/magpie/magpie_code_snippets/sd_mux_control/build/board.o
                0x100006a0                Console_Init
 .text.Board_Init
                0x100006b8       0x34 c:/Users/jorda/clo/magpie/magpie_code_snippets/sd_mux_control/build/board.o
                0x100006b8                Board_Init
 .text.NMI_Handler
                0x100006ec        0x4 c:/Users/jorda/clo/magpie/magpie_code_snippets/sd_mux_control/build/board.o
                0x100006ec                NMI_Handler
 .text._close   0x100006f0        0x6 c:/Users/jorda/clo/magpie/magpie_code_snippets/sd_mux_control/build/stdio.o
                0x100006f0                _close
 .text._isatty  0x100006f6        0x6 c:/Users/jorda/clo/magpie/magpie_code_snippets/sd_mux_control/build/stdio.o
                0x100006f6                _isatty
 .text._lseek   0x100006fc        0x6 c:/Users/jorda/clo/magpie/magpie_code_snippets/sd_mux_control/build/stdio.o
                0x100006fc                _lseek
 .text._fstat   0x10000702        0x6 c:/Users/jorda/clo/magpie/magpie_code_snippets/sd_mux_control/build/stdio.o
                0x10000702                _fstat
 .text._read    0x10000708       0x50 c:/Users/jorda/clo/magpie/magpie_code_snippets/sd_mux_control/build/stdio.o
                0x10000708                _read
 .text._write   0x10000758       0x44 c:/Users/jorda/clo/magpie/magpie_code_snippets/sd_mux_control/build/stdio.o
                0x10000758                _write
 .text.LED_On   0x1000079c       0x44 c:/Users/jorda/clo/magpie/magpie_code_snippets/sd_mux_control/build/led.o
                0x1000079c                LED_On
 .text.LED_Off  0x100007e0       0x44 c:/Users/jorda/clo/magpie/magpie_code_snippets/sd_mux_control/build/led.o
                0x100007e0                LED_Off
 .text.LED_Init
                0x10000824       0x3c c:/Users/jorda/clo/magpie/magpie_code_snippets/sd_mux_control/build/led.o
                0x10000824                LED_Init
 .text.PB_Init  0x10000860       0x38 c:/Users/jorda/clo/magpie/magpie_code_snippets/sd_mux_control/build/pb.o
                0x10000860                PB_Init
 .text          0x10000898      0x134 c:/Users/jorda/clo/magpie/magpie_code_snippets/sd_mux_control/build/startup_max32665.o
                0x10000898                Reset_Handler
                0x100008d6                HardFault_Handler
                0x100008d8                MemManage_Handler
                0x100008da                BusFault_Handler
                0x100008dc                UsageFault_Handler
                0x100008de                SVC_Handler
                0x100008e0                PendSV_Handler
                0x100008e2                Default_Handler
                0x100008e4                PF_IRQHandler
                0x100008e6                WDT0_IRQHandler
                0x100008e8                USB_IRQHandler
                0x100008ea                RTC_IRQHandler
                0x100008ec                TRNG_IRQHandler
                0x100008ee                TMR0_IRQHandler
                0x100008f0                TMR1_IRQHandler
                0x100008f2                TMR2_IRQHandler
                0x100008f4                TMR3_IRQHandler
                0x100008f6                TMR4_IRQHandler
                0x100008f8                TMR5_IRQHandler
                0x100008fa                RSV11_IRQHandler
                0x100008fc                RSV12_IRQHandler
                0x100008fe                I2C0_IRQHandler
                0x10000900                UART0_IRQHandler
                0x10000902                UART1_IRQHandler
                0x10000904                SPI1_IRQHandler
                0x10000906                SPI2_IRQHandler
                0x10000908                RSV18_IRQHandler
                0x1000090a                RSV19_IRQHandler
                0x1000090c                ADC_IRQHandler
                0x1000090e                RSV21_IRQHandler
                0x10000910                RSV22_IRQHandler
                0x10000912                FLC0_IRQHandler
                0x10000916                GPIO1_IRQHandler
                0x10000918                RSV26_IRQHandler
                0x1000091a                TPU_IRQHandler
                0x1000091c                DMA0_IRQHandler
                0x1000091e                DMA1_IRQHandler
                0x10000920                DMA2_IRQHandler
                0x10000922                DMA3_IRQHandler
                0x10000924                RSV32_IRQHandler
                0x10000926                RSV33_IRQHandler
                0x10000928                UART2_IRQHandler
                0x1000092a                RSV35_IRQHandler
                0x1000092c                I2C1_IRQHandler
                0x1000092e                RSV37_IRQHandler
                0x10000930                SPIXFC_IRQHandler
                0x10000932                BTLE_TX_DONE_IRQHandler
                0x10000934                BTLE_RX_RCVD_IRQHandler
                0x10000936                BTLE_RX_ENG_DET_IRQHandler
                0x10000938                BTLE_SFD_DET_IRQHandler
                0x1000093a                BTLE_SFD_TO_IRQHandler
                0x1000093c                BTLE_GP_EVENT_IRQHandler
                0x1000093e                BTLE_CFO_IRQHandler
                0x10000940                BTLE_SIG_DET_IRQHandler
                0x10000942                BTLE_AGC_EVENT_IRQHandler
                0x10000944                BTLE_RFFE_SPIM_IRQHandler
                0x10000946                BTLE_TX_AES_IRQHandler
                0x10000948                BTLE_RX_AES_IRQHandler
                0x1000094a                BTLE_INV_APB_ADDR_IRQHandler
                0x1000094c                BTLE_IQ_DATA_VALID_IRQHandler
                0x1000094e                WUT_IRQHandler
                0x10000950                GPIOWAKE_IRQHandler
                0x10000952                RSV55_IRQHandler
                0x10000954                SPI0_IRQHandler
                0x10000956                WDT1_IRQHandler
                0x10000958                RSV58_IRQHandler
                0x1000095a                PT_IRQHandler
                0x1000095c                SDMA0_IRQHandler
                0x1000095e                RSV61_IRQHandler
                0x10000960                I2C2_IRQHandler
                0x10000962                RSV63_IRQHandler
                0x10000964                RSV64_IRQHandler
                0x10000966                RSV65_IRQHandler
                0x10000968                SDHC_IRQHandler
                0x1000096a                OWM_IRQHandler
                0x1000096c                DMA4_IRQHandler
                0x1000096e                DMA5_IRQHandler
                0x10000970                DMA6_IRQHandler
                0x10000972                DMA7_IRQHandler
                0x10000974                DMA8_IRQHandler
                0x10000976                DMA9_IRQHandler
                0x10000978                DMA10_IRQHandler
                0x1000097a                DMA11_IRQHandler
                0x1000097c                DMA12_IRQHandler
                0x1000097e                DMA13_IRQHandler
                0x10000980                DMA14_IRQHandler
                0x10000982                DMA15_IRQHandler
                0x10000984                USBDMA_IRQHandler
                0x10000986                WDT2_IRQHandler
                0x10000988                ECC_IRQHandler
                0x1000098a                DVS_IRQHandler
                0x1000098c                SIMO_IRQHandler
                0x1000098e                SCA_IRQHandler
                0x10000990                AUDIO_IRQHandler
                0x10000992                FLC1_IRQHandler
                0x10000994                RSV88_IRQHandler
                0x10000996                RSV89_IRQHandler
                0x10000998                RSV90_IRQHandler
                0x1000099a                RSV91_IRQHandler
                0x1000099c                RSV92_IRQHandler
                0x1000099e                HTMR0_IRQHandler
                0x100009a0                HTMR1_IRQHandler
 .text._sbrk    0x100009cc       0x40 c:/Users/jorda/clo/magpie/magpie_code_snippets/sd_mux_control/build/heap.o
                0x100009cc                _sbrk
 .text._getpid  0x10000a0c        0x6 c:/Users/jorda/clo/magpie/magpie_code_snippets/sd_mux_control/build/system_max32665.o
                0x10000a0c                _getpid
 .text._kill    0x10000a12        0x6 c:/Users/jorda/clo/magpie/magpie_code_snippets/sd_mux_control/build/system_max32665.o
                0x10000a12                _kill
 .text.SystemCoreClockUpdate
                0x10000a18       0x6c c:/Users/jorda/clo/magpie/magpie_code_snippets/sd_mux_control/build/system_max32665.o
                0x10000a18                SystemCoreClockUpdate
 .text.PreInit  0x10000a84       0x60 c:/Users/jorda/clo/magpie/magpie_code_snippets/sd_mux_control/build/system_max32665.o
                0x10000a84                PreInit
 .text.PalSysInit
                0x10000ae4        0x2 c:/Users/jorda/clo/magpie/magpie_code_snippets/sd_mux_control/build/system_max32665.o
                0x10000ae4                PalSysInit
 *fill*         0x10000ae6        0x2 
 .text.SystemInit
                0x10000ae8      0x110 c:/Users/jorda/clo/magpie/magpie_code_snippets/sd_mux_control/build/system_max32665.o
                0x10000ae8                SystemInit
 .text.MXC_DelayInit
                0x10000bf8       0x84 C:/MaximSDK/Libraries/PeriphDrivers/bin/MAX32665/softfp/libPeriphDriver_softfp.a(mxc_delay.o)
 .text.MXC_DelayAsync
                0x10000c7c       0x44 C:/MaximSDK/Libraries/PeriphDrivers/bin/MAX32665/softfp/libPeriphDriver_softfp.a(mxc_delay.o)
                0x10000c7c                MXC_DelayAsync
 .text.MXC_DelayAbort
                0x10000cc0       0x34 C:/MaximSDK/Libraries/PeriphDrivers/bin/MAX32665/softfp/libPeriphDriver_softfp.a(mxc_delay.o)
                0x10000cc0                MXC_DelayAbort
 .text.MXC_DelayHandler
                0x10000cf4       0x40 C:/MaximSDK/Libraries/PeriphDrivers/bin/MAX32665/softfp/libPeriphDriver_softfp.a(mxc_delay.o)
                0x10000cf4                MXC_DelayHandler
 .text.SysTick_Handler
                0x10000d34        0x8 C:/MaximSDK/Libraries/PeriphDrivers/bin/MAX32665/softfp/libPeriphDriver_softfp.a(mxc_delay.o)
                0x10000d34                SysTick_Handler
 .text.MXC_DelayCheck
                0x10000d3c       0x64 C:/MaximSDK/Libraries/PeriphDrivers/bin/MAX32665/softfp/libPeriphDriver_softfp.a(mxc_delay.o)
                0x10000d3c                MXC_DelayCheck
 .text.MXC_Delay
                0x10000da0       0x58 C:/MaximSDK/Libraries/PeriphDrivers/bin/MAX32665/softfp/libPeriphDriver_softfp.a(mxc_delay.o)
                0x10000da0                MXC_Delay
 .text.MXC_SYS_ClockDisable
                0x10000df8       0x2c C:/MaximSDK/Libraries/PeriphDrivers/bin/MAX32665/softfp/libPeriphDriver_softfp.a(sys_me14.o)
                0x10000df8                MXC_SYS_ClockDisable
 .text.MXC_SYS_ClockEnable
                0x10000e24       0x30 C:/MaximSDK/Libraries/PeriphDrivers/bin/MAX32665/softfp/libPeriphDriver_softfp.a(sys_me14.o)
                0x10000e24                MXC_SYS_ClockEnable
 .text.MXC_SYS_Clock_Timeout
                0x10000e54       0x30 C:/MaximSDK/Libraries/PeriphDrivers/bin/MAX32665/softfp/libPeriphDriver_softfp.a(sys_me14.o)
                0x10000e54                MXC_SYS_Clock_Timeout
 .text.MXC_SYS_Clock_Select
                0x10000e84      0x18c C:/MaximSDK/Libraries/PeriphDrivers/bin/MAX32665/softfp/libPeriphDriver_softfp.a(sys_me14.o)
                0x10000e84                MXC_SYS_Clock_Select
 .text.MXC_SYS_Reset_Periph
                0x10001010       0x38 C:/MaximSDK/Libraries/PeriphDrivers/bin/MAX32665/softfp/libPeriphDriver_softfp.a(sys_me14.o)
                0x10001010                MXC_SYS_Reset_Periph
 .text.MXC_GPIO_OutSet
                0x10001048        0x8 C:/MaximSDK/Libraries/PeriphDrivers/bin/MAX32665/softfp/libPeriphDriver_softfp.a(gpio_me14.o)
                0x10001048                MXC_GPIO_OutSet
 .text.MXC_GPIO_OutClr
                0x10001050        0x8 C:/MaximSDK/Libraries/PeriphDrivers/bin/MAX32665/softfp/libPeriphDriver_softfp.a(gpio_me14.o)
                0x10001050                MXC_GPIO_OutClr
 .text.MXC_GPIO_Handler
                0x10001058        0x8 C:/MaximSDK/Libraries/PeriphDrivers/bin/MAX32665/softfp/libPeriphDriver_softfp.a(gpio_me14.o)
                0x10001058                MXC_GPIO_Handler
 .text.MXC_GPIO_ClearFlags
                0x10001060        0x8 C:/MaximSDK/Libraries/PeriphDrivers/bin/MAX32665/softfp/libPeriphDriver_softfp.a(gpio_me14.o)
                0x10001060                MXC_GPIO_ClearFlags
 .text.MXC_GPIO_GetFlags
                0x10001068        0x8 C:/MaximSDK/Libraries/PeriphDrivers/bin/MAX32665/softfp/libPeriphDriver_softfp.a(gpio_me14.o)
                0x10001068                MXC_GPIO_GetFlags
 .text.MXC_GPIO_SetVSSEL
                0x10001070        0x8 C:/MaximSDK/Libraries/PeriphDrivers/bin/MAX32665/softfp/libPeriphDriver_softfp.a(gpio_me14.o)
                0x10001070                MXC_GPIO_SetVSSEL
 .text.MXC_GPIO_Config
                0x10001078       0xd2 C:/MaximSDK/Libraries/PeriphDrivers/bin/MAX32665/softfp/libPeriphDriver_softfp.a(gpio_me14.o)
                0x10001078                MXC_GPIO_Config
 .text.MXC_GPIO_RevA_OutSet
                0x1000114a        0x4 C:/MaximSDK/Libraries/PeriphDrivers/bin/MAX32665/softfp/libPeriphDriver_softfp.a(gpio_reva.o)
                0x1000114a                MXC_GPIO_RevA_OutSet
 .text.MXC_GPIO_RevA_OutClr
                0x1000114e        0x4 C:/MaximSDK/Libraries/PeriphDrivers/bin/MAX32665/softfp/libPeriphDriver_softfp.a(gpio_reva.o)
                0x1000114e                MXC_GPIO_RevA_OutClr
 .text.MXC_GPIO_RevA_ClearFlags
                0x10001152        0x4 C:/MaximSDK/Libraries/PeriphDrivers/bin/MAX32665/softfp/libPeriphDriver_softfp.a(gpio_reva.o)
                0x10001152                MXC_GPIO_RevA_ClearFlags
 .text.MXC_GPIO_RevA_GetFlags
                0x10001156        0x4 C:/MaximSDK/Libraries/PeriphDrivers/bin/MAX32665/softfp/libPeriphDriver_softfp.a(gpio_reva.o)
                0x10001156                MXC_GPIO_RevA_GetFlags
 .text.MXC_GPIO_RevA_SetVSSEL
                0x1000115a       0x2a C:/MaximSDK/Libraries/PeriphDrivers/bin/MAX32665/softfp/libPeriphDriver_softfp.a(gpio_reva.o)
                0x1000115a                MXC_GPIO_RevA_SetVSSEL
 .text.MXC_GPIO_RevA_SetAF
                0x10001184       0x74 C:/MaximSDK/Libraries/PeriphDrivers/bin/MAX32665/softfp/libPeriphDriver_softfp.a(gpio_reva.o)
                0x10001184                MXC_GPIO_RevA_SetAF
 .text.MXC_I2C_SetSlaveAddr
                0x100011f8       0x10 C:/MaximSDK/Libraries/PeriphDrivers/bin/MAX32665/softfp/libPeriphDriver_softfp.a(i2c_me14.o)
                0x100011f8                MXC_I2C_SetSlaveAddr
 .text.MXC_I2C_Shutdown
                0x10001208       0xa0 C:/MaximSDK/Libraries/PeriphDrivers/bin/MAX32665/softfp/libPeriphDriver_softfp.a(i2c_me14.o)
                0x10001208                MXC_I2C_Shutdown
 .text.MXC_I2C_Init
                0x100012a8       0x90 C:/MaximSDK/Libraries/PeriphDrivers/bin/MAX32665/softfp/libPeriphDriver_softfp.a(i2c_me14.o)
                0x100012a8                MXC_I2C_Init
 .text.MXC_I2C_SetFrequency
                0x10001338        0x8 C:/MaximSDK/Libraries/PeriphDrivers/bin/MAX32665/softfp/libPeriphDriver_softfp.a(i2c_me14.o)
                0x10001338                MXC_I2C_SetFrequency
 .text.MXC_I2C_GetFrequency
                0x10001340        0x8 C:/MaximSDK/Libraries/PeriphDrivers/bin/MAX32665/softfp/libPeriphDriver_softfp.a(i2c_me14.o)
                0x10001340                MXC_I2C_GetFrequency
 .text.MXC_I2C_Start
                0x10001348        0x8 C:/MaximSDK/Libraries/PeriphDrivers/bin/MAX32665/softfp/libPeriphDriver_softfp.a(i2c_me14.o)
                0x10001348                MXC_I2C_Start
 .text.MXC_I2C_Stop
                0x10001350        0x8 C:/MaximSDK/Libraries/PeriphDrivers/bin/MAX32665/softfp/libPeriphDriver_softfp.a(i2c_me14.o)
                0x10001350                MXC_I2C_Stop
 .text.MXC_I2C_ReadRXFIFO
                0x10001358        0x8 C:/MaximSDK/Libraries/PeriphDrivers/bin/MAX32665/softfp/libPeriphDriver_softfp.a(i2c_me14.o)
                0x10001358                MXC_I2C_ReadRXFIFO
 .text.MXC_I2C_WriteTXFIFO
                0x10001360        0x8 C:/MaximSDK/Libraries/PeriphDrivers/bin/MAX32665/softfp/libPeriphDriver_softfp.a(i2c_me14.o)
                0x10001360                MXC_I2C_WriteTXFIFO
 .text.MXC_I2C_ClearRXFIFO
                0x10001368        0x8 C:/MaximSDK/Libraries/PeriphDrivers/bin/MAX32665/softfp/libPeriphDriver_softfp.a(i2c_me14.o)
                0x10001368                MXC_I2C_ClearRXFIFO
 .text.MXC_I2C_ClearTXFIFO
                0x10001370        0x8 C:/MaximSDK/Libraries/PeriphDrivers/bin/MAX32665/softfp/libPeriphDriver_softfp.a(i2c_me14.o)
                0x10001370                MXC_I2C_ClearTXFIFO
 .text.MXC_I2C_ClearFlags
                0x10001378        0x8 C:/MaximSDK/Libraries/PeriphDrivers/bin/MAX32665/softfp/libPeriphDriver_softfp.a(i2c_me14.o)
                0x10001378                MXC_I2C_ClearFlags
 .text.MXC_I2C_Recover
                0x10001380        0x8 C:/MaximSDK/Libraries/PeriphDrivers/bin/MAX32665/softfp/libPeriphDriver_softfp.a(i2c_me14.o)
                0x10001380                MXC_I2C_Recover
 .text.MXC_I2C_MasterTransaction
                0x10001388        0x8 C:/MaximSDK/Libraries/PeriphDrivers/bin/MAX32665/softfp/libPeriphDriver_softfp.a(i2c_me14.o)
                0x10001388                MXC_I2C_MasterTransaction
 .text.MXC_I2C_SetRXThreshold
                0x10001390        0x8 C:/MaximSDK/Libraries/PeriphDrivers/bin/MAX32665/softfp/libPeriphDriver_softfp.a(i2c_me14.o)
                0x10001390                MXC_I2C_SetRXThreshold
 .text.MXC_I2C_SetTXThreshold
                0x10001398        0x8 C:/MaximSDK/Libraries/PeriphDrivers/bin/MAX32665/softfp/libPeriphDriver_softfp.a(i2c_me14.o)
                0x10001398                MXC_I2C_SetTXThreshold
 .text.MXC_I2C_RevA_Init
                0x100013a0      0x188 C:/MaximSDK/Libraries/PeriphDrivers/bin/MAX32665/softfp/libPeriphDriver_softfp.a(i2c_reva.o)
                0x100013a0                MXC_I2C_RevA_Init
 .text.MXC_I2C_RevA_SetSlaveAddr
                0x10001528       0x54 C:/MaximSDK/Libraries/PeriphDrivers/bin/MAX32665/softfp/libPeriphDriver_softfp.a(i2c_reva.o)
                0x10001528                MXC_I2C_RevA_SetSlaveAddr
 .text.MXC_I2C_RevA_Shutdown
                0x1000157c       0xd8 C:/MaximSDK/Libraries/PeriphDrivers/bin/MAX32665/softfp/libPeriphDriver_softfp.a(i2c_reva.o)
                0x1000157c                MXC_I2C_RevA_Shutdown
 .text.MXC_I2C_RevA_SetFrequency
                0x10001654       0xd4 C:/MaximSDK/Libraries/PeriphDrivers/bin/MAX32665/softfp/libPeriphDriver_softfp.a(i2c_reva.o)
                0x10001654                MXC_I2C_RevA_SetFrequency
 .text.MXC_I2C_RevA_GetFrequency
                0x10001728       0x38 C:/MaximSDK/Libraries/PeriphDrivers/bin/MAX32665/softfp/libPeriphDriver_softfp.a(i2c_reva.o)
                0x10001728                MXC_I2C_RevA_GetFrequency
 .text.MXC_I2C_RevA_Start
                0x10001760       0x28 C:/MaximSDK/Libraries/PeriphDrivers/bin/MAX32665/softfp/libPeriphDriver_softfp.a(i2c_reva.o)
                0x10001760                MXC_I2C_RevA_Start
 .text.MXC_I2C_RevA_Stop
                0x10001788       0x1e C:/MaximSDK/Libraries/PeriphDrivers/bin/MAX32665/softfp/libPeriphDriver_softfp.a(i2c_reva.o)
                0x10001788                MXC_I2C_RevA_Stop
 .text.MXC_I2C_RevA_ReadRXFIFO
                0x100017a6       0x30 C:/MaximSDK/Libraries/PeriphDrivers/bin/MAX32665/softfp/libPeriphDriver_softfp.a(i2c_reva.o)
                0x100017a6                MXC_I2C_RevA_ReadRXFIFO
 .text.MXC_I2C_RevA_GetRXFIFOAvailable
                0x100017d6       0x10 C:/MaximSDK/Libraries/PeriphDrivers/bin/MAX32665/softfp/libPeriphDriver_softfp.a(i2c_reva.o)
                0x100017d6                MXC_I2C_RevA_GetRXFIFOAvailable
 .text.MXC_I2C_RevA_WriteTXFIFO
                0x100017e6       0x30 C:/MaximSDK/Libraries/PeriphDrivers/bin/MAX32665/softfp/libPeriphDriver_softfp.a(i2c_reva.o)
                0x100017e6                MXC_I2C_RevA_WriteTXFIFO
 .text.MXC_I2C_RevA_ClearRXFIFO
                0x10001816       0x12 C:/MaximSDK/Libraries/PeriphDrivers/bin/MAX32665/softfp/libPeriphDriver_softfp.a(i2c_reva.o)
                0x10001816                MXC_I2C_RevA_ClearRXFIFO
 .text.MXC_I2C_RevA_ClearTXFIFO
                0x10001828       0x12 C:/MaximSDK/Libraries/PeriphDrivers/bin/MAX32665/softfp/libPeriphDriver_softfp.a(i2c_reva.o)
                0x10001828                MXC_I2C_RevA_ClearTXFIFO
 .text.MXC_I2C_RevA_ClearFlags
                0x1000183a        0x6 C:/MaximSDK/Libraries/PeriphDrivers/bin/MAX32665/softfp/libPeriphDriver_softfp.a(i2c_reva.o)
                0x1000183a                MXC_I2C_RevA_ClearFlags
 .text.MXC_I2C_RevA_Recover
                0x10001840       0xd8 C:/MaximSDK/Libraries/PeriphDrivers/bin/MAX32665/softfp/libPeriphDriver_softfp.a(i2c_reva.o)
                0x10001840                MXC_I2C_RevA_Recover
 .text.MXC_I2C_RevA_MasterTransaction
                0x10001918      0x1bc C:/MaximSDK/Libraries/PeriphDrivers/bin/MAX32665/softfp/libPeriphDriver_softfp.a(i2c_reva.o)
                0x10001918                MXC_I2C_RevA_MasterTransaction
 .text.MXC_I2C_RevA_SetRXThreshold
                0x10001ad4       0x1e C:/MaximSDK/Libraries/PeriphDrivers/bin/MAX32665/softfp/libPeriphDriver_softfp.a(i2c_reva.o)
                0x10001ad4                MXC_I2C_RevA_SetRXThreshold
 .text.MXC_I2C_RevA_SetTXThreshold
                0x10001af2       0x20 C:/MaximSDK/Libraries/PeriphDrivers/bin/MAX32665/softfp/libPeriphDriver_softfp.a(i2c_reva.o)
                0x10001af2                MXC_I2C_RevA_SetTXThreshold
 *fill*         0x10001b12        0x2 
 .text.MXC_SDHC_Set_Clock_Config
                0x10001b14       0x10 C:/MaximSDK/Libraries/PeriphDrivers/bin/MAX32665/softfp/libPeriphDriver_softfp.a(sdhc_me14.o)
                0x10001b14                MXC_SDHC_Set_Clock_Config
 .text.MXC_SDHC_Init
                0x10001b24       0x5c C:/MaximSDK/Libraries/PeriphDrivers/bin/MAX32665/softfp/libPeriphDriver_softfp.a(sdhc_me14.o)
                0x10001b24                MXC_SDHC_Init
 .text.MXC_SDHC_Get_Input_Clock_Freq
                0x10001b80       0x20 C:/MaximSDK/Libraries/PeriphDrivers/bin/MAX32665/softfp/libPeriphDriver_softfp.a(sdhc_me14.o)
                0x10001b80                MXC_SDHC_Get_Input_Clock_Freq
 .text.MXC_SDHC_PowerUp
                0x10001ba0       0x10 C:/MaximSDK/Libraries/PeriphDrivers/bin/MAX32665/softfp/libPeriphDriver_softfp.a(sdhc_me14.o)
                0x10001ba0                MXC_SDHC_PowerUp
 .text.MXC_SDHC_SendCommand
                0x10001bb0       0x10 C:/MaximSDK/Libraries/PeriphDrivers/bin/MAX32665/softfp/libPeriphDriver_softfp.a(sdhc_me14.o)
                0x10001bb0                MXC_SDHC_SendCommand
 .text.MXC_SDHC_Card_Inserted
                0x10001bc0       0x10 C:/MaximSDK/Libraries/PeriphDrivers/bin/MAX32665/softfp/libPeriphDriver_softfp.a(sdhc_me14.o)
                0x10001bc0                MXC_SDHC_Card_Inserted
 .text.MXC_SDHC_Reset
                0x10001bd0       0x10 C:/MaximSDK/Libraries/PeriphDrivers/bin/MAX32665/softfp/libPeriphDriver_softfp.a(sdhc_me14.o)
                0x10001bd0                MXC_SDHC_Reset
 .text.MXC_SDHC_Reset_CMD_DAT
                0x10001be0       0x10 C:/MaximSDK/Libraries/PeriphDrivers/bin/MAX32665/softfp/libPeriphDriver_softfp.a(sdhc_me14.o)
                0x10001be0                MXC_SDHC_Reset_CMD_DAT
 .text.MXC_SDHC_Card_Busy
                0x10001bf0       0x10 C:/MaximSDK/Libraries/PeriphDrivers/bin/MAX32665/softfp/libPeriphDriver_softfp.a(sdhc_me14.o)
                0x10001bf0                MXC_SDHC_Card_Busy
 .text.MXC_SDHC_Get_Host_Cn_1
                0x10001c00       0x10 C:/MaximSDK/Libraries/PeriphDrivers/bin/MAX32665/softfp/libPeriphDriver_softfp.a(sdhc_me14.o)
                0x10001c00                MXC_SDHC_Get_Host_Cn_1
 .text.MXC_SDHC_Get_Response32
                0x10001c10       0x10 C:/MaximSDK/Libraries/PeriphDrivers/bin/MAX32665/softfp/libPeriphDriver_softfp.a(sdhc_me14.o)
                0x10001c10                MXC_SDHC_Get_Response32
 .text.MXC_SDHC_Get_Response128
                0x10001c20       0x10 C:/MaximSDK/Libraries/PeriphDrivers/bin/MAX32665/softfp/libPeriphDriver_softfp.a(sdhc_me14.o)
                0x10001c20                MXC_SDHC_Get_Response128
 .text.MXC_SDHC_TransSetup
                0x10001c30       0xbc C:/MaximSDK/Libraries/PeriphDrivers/bin/MAX32665/softfp/libPeriphDriver_softfp.a(sdhc_reva.o)
 .text.MXC_SDHC_RevA_Set_Clock_Config
                0x10001cec       0x38 C:/MaximSDK/Libraries/PeriphDrivers/bin/MAX32665/softfp/libPeriphDriver_softfp.a(sdhc_reva.o)
                0x10001cec                MXC_SDHC_RevA_Set_Clock_Config
 .text.MXC_SDHC_RevA_Init
                0x10001d24       0x60 C:/MaximSDK/Libraries/PeriphDrivers/bin/MAX32665/softfp/libPeriphDriver_softfp.a(sdhc_reva.o)
                0x10001d24                MXC_SDHC_RevA_Init
 .text.MXC_SDHC_RevA_PowerUp
                0x10001d84        0xe C:/MaximSDK/Libraries/PeriphDrivers/bin/MAX32665/softfp/libPeriphDriver_softfp.a(sdhc_reva.o)
                0x10001d84                MXC_SDHC_RevA_PowerUp
 .text.MXC_SDHC_RevA_SendCommand
                0x10001d92       0x52 C:/MaximSDK/Libraries/PeriphDrivers/bin/MAX32665/softfp/libPeriphDriver_softfp.a(sdhc_reva.o)
                0x10001d92                MXC_SDHC_RevA_SendCommand
 .text.MXC_SDHC_RevA_Card_Inserted
                0x10001de4       0x14 C:/MaximSDK/Libraries/PeriphDrivers/bin/MAX32665/softfp/libPeriphDriver_softfp.a(sdhc_reva.o)
                0x10001de4                MXC_SDHC_RevA_Card_Inserted
 .text.MXC_SDHC_RevA_Reset
                0x10001df8       0x12 C:/MaximSDK/Libraries/PeriphDrivers/bin/MAX32665/softfp/libPeriphDriver_softfp.a(sdhc_reva.o)
                0x10001df8                MXC_SDHC_RevA_Reset
 .text.MXC_SDHC_RevA_Reset_CMD_DAT
                0x10001e0a       0x12 C:/MaximSDK/Libraries/PeriphDrivers/bin/MAX32665/softfp/libPeriphDriver_softfp.a(sdhc_reva.o)
                0x10001e0a                MXC_SDHC_RevA_Reset_CMD_DAT
 .text.MXC_SDHC_RevA_Card_Busy
                0x10001e1c        0xe C:/MaximSDK/Libraries/PeriphDrivers/bin/MAX32665/softfp/libPeriphDriver_softfp.a(sdhc_reva.o)
                0x10001e1c                MXC_SDHC_RevA_Card_Busy
 .text.MXC_SDHC_RevA_Get_Host_Cn_1
                0x10001e2a        0x6 C:/MaximSDK/Libraries/PeriphDrivers/bin/MAX32665/softfp/libPeriphDriver_softfp.a(sdhc_reva.o)
                0x10001e2a                MXC_SDHC_RevA_Get_Host_Cn_1
 .text.MXC_SDHC_RevA_Get_Response32
                0x10001e30        0x4 C:/MaximSDK/Libraries/PeriphDrivers/bin/MAX32665/softfp/libPeriphDriver_softfp.a(sdhc_reva.o)
                0x10001e30                MXC_SDHC_RevA_Get_Response32
 .text.MXC_SDHC_RevA_Get_Response128
                0x10001e34       0x42 C:/MaximSDK/Libraries/PeriphDrivers/bin/MAX32665/softfp/libPeriphDriver_softfp.a(sdhc_reva.o)
                0x10001e34                MXC_SDHC_RevA_Get_Response128
 *fill*         0x10001e76        0x2 
 .text.MXC_UART_Shutdown
                0x10001e78       0x50 C:/MaximSDK/Libraries/PeriphDrivers/bin/MAX32665/softfp/libPeriphDriver_softfp.a(uart_me14.o)
                0x10001e78                MXC_UART_Shutdown
 .text.MXC_UART_Init
                0x10001ec8       0x98 C:/MaximSDK/Libraries/PeriphDrivers/bin/MAX32665/softfp/libPeriphDriver_softfp.a(uart_me14.o)
                0x10001ec8                MXC_UART_Init
 .text.MXC_UART_SetFrequency
                0x10001f60        0x8 C:/MaximSDK/Libraries/PeriphDrivers/bin/MAX32665/softfp/libPeriphDriver_softfp.a(uart_me14.o)
                0x10001f60                MXC_UART_SetFrequency
 .text.MXC_UART_GetFrequency
                0x10001f68        0x8 C:/MaximSDK/Libraries/PeriphDrivers/bin/MAX32665/softfp/libPeriphDriver_softfp.a(uart_me14.o)
                0x10001f68                MXC_UART_GetFrequency
 .text.MXC_UART_SetDataSize
                0x10001f70        0x8 C:/MaximSDK/Libraries/PeriphDrivers/bin/MAX32665/softfp/libPeriphDriver_softfp.a(uart_me14.o)
                0x10001f70                MXC_UART_SetDataSize
 .text.MXC_UART_SetStopBits
                0x10001f78        0x8 C:/MaximSDK/Libraries/PeriphDrivers/bin/MAX32665/softfp/libPeriphDriver_softfp.a(uart_me14.o)
                0x10001f78                MXC_UART_SetStopBits
 .text.MXC_UART_SetParity
                0x10001f80        0x8 C:/MaximSDK/Libraries/PeriphDrivers/bin/MAX32665/softfp/libPeriphDriver_softfp.a(uart_me14.o)
                0x10001f80                MXC_UART_SetParity
 .text.MXC_UART_ReadCharacterRaw
                0x10001f88        0x8 C:/MaximSDK/Libraries/PeriphDrivers/bin/MAX32665/softfp/libPeriphDriver_softfp.a(uart_me14.o)
                0x10001f88                MXC_UART_ReadCharacterRaw
 .text.MXC_UART_WriteCharacterRaw
                0x10001f90        0x8 C:/MaximSDK/Libraries/PeriphDrivers/bin/MAX32665/softfp/libPeriphDriver_softfp.a(uart_me14.o)
                0x10001f90                MXC_UART_WriteCharacterRaw
 .text.MXC_UART_ReadCharacter
                0x10001f98        0x8 C:/MaximSDK/Libraries/PeriphDrivers/bin/MAX32665/softfp/libPeriphDriver_softfp.a(uart_me14.o)
                0x10001f98                MXC_UART_ReadCharacter
 .text.MXC_UART_WriteCharacter
                0x10001fa0        0x8 C:/MaximSDK/Libraries/PeriphDrivers/bin/MAX32665/softfp/libPeriphDriver_softfp.a(uart_me14.o)
                0x10001fa0                MXC_UART_WriteCharacter
 .text.MXC_UART_GetRXFIFOAvailable
                0x10001fa8        0x8 C:/MaximSDK/Libraries/PeriphDrivers/bin/MAX32665/softfp/libPeriphDriver_softfp.a(uart_me14.o)
                0x10001fa8                MXC_UART_GetRXFIFOAvailable
 .text.MXC_UART_GetTXFIFOAvailable
                0x10001fb0        0x8 C:/MaximSDK/Libraries/PeriphDrivers/bin/MAX32665/softfp/libPeriphDriver_softfp.a(uart_me14.o)
                0x10001fb0                MXC_UART_GetTXFIFOAvailable
 .text.MXC_UART_SetRXThreshold
                0x10001fb8        0x8 C:/MaximSDK/Libraries/PeriphDrivers/bin/MAX32665/softfp/libPeriphDriver_softfp.a(uart_me14.o)
                0x10001fb8                MXC_UART_SetRXThreshold
 .text.MXC_UART_SetTXThreshold
                0x10001fc0        0x8 C:/MaximSDK/Libraries/PeriphDrivers/bin/MAX32665/softfp/libPeriphDriver_softfp.a(uart_me14.o)
                0x10001fc0                MXC_UART_SetTXThreshold
 .text.MXC_UART_RevA_Init
                0x10001fc8       0xd4 C:/MaximSDK/Libraries/PeriphDrivers/bin/MAX32665/softfp/libPeriphDriver_softfp.a(uart_reva.o)
                0x10001fc8                MXC_UART_RevA_Init
 .text.MXC_UART_RevA_SetFrequency
                0x1000209c      0x108 C:/MaximSDK/Libraries/PeriphDrivers/bin/MAX32665/softfp/libPeriphDriver_softfp.a(uart_reva.o)
                0x1000209c                MXC_UART_RevA_SetFrequency
 .text.MXC_UART_RevA_GetFrequency
                0x100021a4       0xb4 C:/MaximSDK/Libraries/PeriphDrivers/bin/MAX32665/softfp/libPeriphDriver_softfp.a(uart_reva.o)
                0x100021a4                MXC_UART_RevA_GetFrequency
 .text.MXC_UART_RevA_SetDataSize
                0x10002258       0x20 C:/MaximSDK/Libraries/PeriphDrivers/bin/MAX32665/softfp/libPeriphDriver_softfp.a(uart_reva.o)
                0x10002258                MXC_UART_RevA_SetDataSize
 .text.MXC_UART_RevA_SetStopBits
                0x10002278       0x24 C:/MaximSDK/Libraries/PeriphDrivers/bin/MAX32665/softfp/libPeriphDriver_softfp.a(uart_reva.o)
                0x10002278                MXC_UART_RevA_SetStopBits
 .text.MXC_UART_RevA_SetParity
                0x1000229c      0x11a C:/MaximSDK/Libraries/PeriphDrivers/bin/MAX32665/softfp/libPeriphDriver_softfp.a(uart_reva.o)
                0x1000229c                MXC_UART_RevA_SetParity
 .text.MXC_UART_RevA_ReadCharacterRaw
                0x100023b6       0x12 C:/MaximSDK/Libraries/PeriphDrivers/bin/MAX32665/softfp/libPeriphDriver_softfp.a(uart_reva.o)
                0x100023b6                MXC_UART_RevA_ReadCharacterRaw
 .text.MXC_UART_RevA_WriteCharacterRaw
                0x100023c8       0x14 C:/MaximSDK/Libraries/PeriphDrivers/bin/MAX32665/softfp/libPeriphDriver_softfp.a(uart_reva.o)
                0x100023c8                MXC_UART_RevA_WriteCharacterRaw
 .text.MXC_UART_RevA_GetRXFIFOAvailable
                0x100023dc        0x8 C:/MaximSDK/Libraries/PeriphDrivers/bin/MAX32665/softfp/libPeriphDriver_softfp.a(uart_reva.o)
                0x100023dc                MXC_UART_RevA_GetRXFIFOAvailable
 .text.MXC_UART_RevA_GetTXFIFOAvailable
                0x100023e4        0xc C:/MaximSDK/Libraries/PeriphDrivers/bin/MAX32665/softfp/libPeriphDriver_softfp.a(uart_reva.o)
                0x100023e4                MXC_UART_RevA_GetTXFIFOAvailable
 .text.MXC_UART_RevA_SetRXThreshold
                0x100023f0       0x1e C:/MaximSDK/Libraries/PeriphDrivers/bin/MAX32665/softfp/libPeriphDriver_softfp.a(uart_reva.o)
                0x100023f0                MXC_UART_RevA_SetRXThreshold
 .text.MXC_UART_RevA_SetTXThreshold
                0x1000240e       0x20 C:/MaximSDK/Libraries/PeriphDrivers/bin/MAX32665/softfp/libPeriphDriver_softfp.a(uart_reva.o)
                0x1000240e                MXC_UART_RevA_SetTXThreshold
 .text.MXC_DMA_DeInit
                0x1000242e        0x8 C:/MaximSDK/Libraries/PeriphDrivers/bin/MAX32665/softfp/libPeriphDriver_softfp.a(dma_me14.o)
                0x1000242e                MXC_DMA_DeInit
 .text.MXC_DMA_ReleaseChannel
                0x10002436        0x8 C:/MaximSDK/Libraries/PeriphDrivers/bin/MAX32665/softfp/libPeriphDriver_softfp.a(dma_me14.o)
                0x10002436                MXC_DMA_ReleaseChannel
 *fill*         0x1000243e        0x2 
 .text.MXC_DMA_RevA_DeInit
                0x10002440       0x40 C:/MaximSDK/Libraries/PeriphDrivers/bin/MAX32665/softfp/libPeriphDriver_softfp.a(dma_reva.o)
                0x10002440                MXC_DMA_RevA_DeInit
 .text.MXC_DMA_RevA_ReleaseChannel
                0x10002480       0x60 C:/MaximSDK/Libraries/PeriphDrivers/bin/MAX32665/softfp/libPeriphDriver_softfp.a(dma_reva.o)
                0x10002480                MXC_DMA_RevA_ReleaseChannel
 .text.MXC_GPIO_Common_Handler
                0x100024e0       0x78 C:/MaximSDK/Libraries/PeriphDrivers/bin/MAX32665/softfp/libPeriphDriver_softfp.a(gpio_common.o)
                0x100024e0                MXC_GPIO_Common_Handler
 .text.MXC_UART_Common_ReadCharacter
                0x10002558       0x16 C:/MaximSDK/Libraries/PeriphDrivers/bin/MAX32665/softfp/libPeriphDriver_softfp.a(uart_common.o)
                0x10002558                MXC_UART_Common_ReadCharacter
 .text.MXC_UART_Common_WriteCharacter
                0x1000256e       0x1a C:/MaximSDK/Libraries/PeriphDrivers/bin/MAX32665/softfp/libPeriphDriver_softfp.a(uart_common.o)
                0x1000256e                MXC_UART_Common_WriteCharacter
 .text.MXC_GetLock
                0x10002588       0x1c C:/MaximSDK/Libraries/PeriphDrivers/bin/MAX32665/softfp/libPeriphDriver_softfp.a(mxc_lock.o)
                0x10002588                MXC_GetLock
 .text.MXC_FreeLock
                0x100025a4        0xa C:/MaximSDK/Libraries/PeriphDrivers/bin/MAX32665/softfp/libPeriphDriver_softfp.a(mxc_lock.o)
                0x100025a4                MXC_FreeLock
 .text.ld_word  0x100025ae        0xa c:/Users/jorda/clo/magpie/magpie_code_snippets/sd_mux_control/build/Fat32Driver/FAT32.a(ff.o)
 .text.ld_dword
                0x100025b8       0x16 c:/Users/jorda/clo/magpie/magpie_code_snippets/sd_mux_control/build/Fat32Driver/FAT32.a(ff.o)
 .text.ld_qword
                0x100025ce       0x44 c:/Users/jorda/clo/magpie/magpie_code_snippets/sd_mux_control/build/Fat32Driver/FAT32.a(ff.o)
 .text.st_word  0x10002612        0x8 c:/Users/jorda/clo/magpie/magpie_code_snippets/sd_mux_control/build/Fat32Driver/FAT32.a(ff.o)
 .text.st_dword
                0x1000261a       0x14 c:/Users/jorda/clo/magpie/magpie_code_snippets/sd_mux_control/build/Fat32Driver/FAT32.a(ff.o)
 .text.st_qword
                0x1000262e       0x26 c:/Users/jorda/clo/magpie/magpie_code_snippets/sd_mux_control/build/Fat32Driver/FAT32.a(ff.o)
 .text.dbc_1st  0x10002654       0x24 c:/Users/jorda/clo/magpie/magpie_code_snippets/sd_mux_control/build/Fat32Driver/FAT32.a(ff.o)
 .text.dbc_2nd  0x10002678       0x28 c:/Users/jorda/clo/magpie/magpie_code_snippets/sd_mux_control/build/Fat32Driver/FAT32.a(ff.o)
 .text.clst2sect
                0x100026a0       0x18 c:/Users/jorda/clo/magpie/magpie_code_snippets/sd_mux_control/build/Fat32Driver/FAT32.a(ff.o)
 .text.ld_clust
                0x100026b8       0x26 c:/Users/jorda/clo/magpie/magpie_code_snippets/sd_mux_control/build/Fat32Driver/FAT32.a(ff.o)
 .text.st_clust
                0x100026de       0x26 c:/Users/jorda/clo/magpie/magpie_code_snippets/sd_mux_control/build/Fat32Driver/FAT32.a(ff.o)
 .text.pick_lfn
                0x10002704       0x88 c:/Users/jorda/clo/magpie/magpie_code_snippets/sd_mux_control/build/Fat32Driver/FAT32.a(ff.o)
 .text.put_lfn  0x1000278c       0x78 c:/Users/jorda/clo/magpie/magpie_code_snippets/sd_mux_control/build/Fat32Driver/FAT32.a(ff.o)
 .text.sum_sfn  0x10002804       0x20 c:/Users/jorda/clo/magpie/magpie_code_snippets/sd_mux_control/build/Fat32Driver/FAT32.a(ff.o)
 .text.xdir_sum
                0x10002824       0x32 c:/Users/jorda/clo/magpie/magpie_code_snippets/sd_mux_control/build/Fat32Driver/FAT32.a(ff.o)
 .text.init_alloc_info
                0x10002856       0x2e c:/Users/jorda/clo/magpie/magpie_code_snippets/sd_mux_control/build/Fat32Driver/FAT32.a(ff.o)
 .text.get_ldnumber
                0x10002884       0x5c c:/Users/jorda/clo/magpie/magpie_code_snippets/sd_mux_control/build/Fat32Driver/FAT32.a(ff.o)
 .text.validate
                0x100028e0       0x46 c:/Users/jorda/clo/magpie/magpie_code_snippets/sd_mux_control/build/Fat32Driver/FAT32.a(ff.o)
 .text.sync_window
                0x10002926       0x48 c:/Users/jorda/clo/magpie/magpie_code_snippets/sd_mux_control/build/Fat32Driver/FAT32.a(ff.o)
 .text.move_window
                0x1000296e       0x36 c:/Users/jorda/clo/magpie/magpie_code_snippets/sd_mux_control/build/Fat32Driver/FAT32.a(ff.o)
 .text.check_fs
                0x100029a4       0xf4 c:/Users/jorda/clo/magpie/magpie_code_snippets/sd_mux_control/build/Fat32Driver/FAT32.a(ff.o)
 .text.find_volume
                0x10002a98       0x70 c:/Users/jorda/clo/magpie/magpie_code_snippets/sd_mux_control/build/Fat32Driver/FAT32.a(ff.o)
 .text.mount_volume
                0x10002b08      0x480 c:/Users/jorda/clo/magpie/magpie_code_snippets/sd_mux_control/build/Fat32Driver/FAT32.a(ff.o)
 .text.find_bitmap
                0x10002f88       0x88 c:/Users/jorda/clo/magpie/magpie_code_snippets/sd_mux_control/build/Fat32Driver/FAT32.a(ff.o)
 .text.change_bitmap
                0x10003010       0x78 c:/Users/jorda/clo/magpie/magpie_code_snippets/sd_mux_control/build/Fat32Driver/FAT32.a(ff.o)
 .text.put_fat  0x10003088      0x128 c:/Users/jorda/clo/magpie/magpie_code_snippets/sd_mux_control/build/Fat32Driver/FAT32.a(ff.o)
 .text.fill_last_frag
                0x100031b0       0x30 c:/Users/jorda/clo/magpie/magpie_code_snippets/sd_mux_control/build/Fat32Driver/FAT32.a(ff.o)
 .text.fill_first_frag
                0x100031e0       0x32 c:/Users/jorda/clo/magpie/magpie_code_snippets/sd_mux_control/build/Fat32Driver/FAT32.a(ff.o)
 .text.get_fat  0x10003212      0x16c c:/Users/jorda/clo/magpie/magpie_code_snippets/sd_mux_control/build/Fat32Driver/FAT32.a(ff.o)
 .text.create_chain
                0x1000337e      0x1d6 c:/Users/jorda/clo/magpie/magpie_code_snippets/sd_mux_control/build/Fat32Driver/FAT32.a(ff.o)
 .text.dir_sdi  0x10003554       0xc0 c:/Users/jorda/clo/magpie/magpie_code_snippets/sd_mux_control/build/Fat32Driver/FAT32.a(ff.o)
 .text.remove_chain
                0x10003614      0x15c c:/Users/jorda/clo/magpie/magpie_code_snippets/sd_mux_control/build/Fat32Driver/FAT32.a(ff.o)
 .text.dir_clear
                0x10003770       0x52 c:/Users/jorda/clo/magpie/magpie_code_snippets/sd_mux_control/build/Fat32Driver/FAT32.a(ff.o)
 .text.dir_next
                0x100037c2       0xdc c:/Users/jorda/clo/magpie/magpie_code_snippets/sd_mux_control/build/Fat32Driver/FAT32.a(ff.o)
 .text.dir_alloc
                0x1000389e       0x6c c:/Users/jorda/clo/magpie/magpie_code_snippets/sd_mux_control/build/Fat32Driver/FAT32.a(ff.o)
 *fill*         0x1000390a        0x2 
 .text.load_xdir
                0x1000390c      0x100 c:/Users/jorda/clo/magpie/magpie_code_snippets/sd_mux_control/build/Fat32Driver/FAT32.a(ff.o)
 .text.load_obj_xdir
                0x10003a0c       0x34 c:/Users/jorda/clo/magpie/magpie_code_snippets/sd_mux_control/build/Fat32Driver/FAT32.a(ff.o)
 .text.dir_read
                0x10003a40       0xee c:/Users/jorda/clo/magpie/magpie_code_snippets/sd_mux_control/build/Fat32Driver/FAT32.a(ff.o)
 .text.gen_numname
                0x10003b2e       0xbe c:/Users/jorda/clo/magpie/magpie_code_snippets/sd_mux_control/build/Fat32Driver/FAT32.a(ff.o)
 .text.store_xdir
                0x10003bec       0x5e c:/Users/jorda/clo/magpie/magpie_code_snippets/sd_mux_control/build/Fat32Driver/FAT32.a(ff.o)
 .text.xname_sum
                0x10003c4a       0x38 c:/Users/jorda/clo/magpie/magpie_code_snippets/sd_mux_control/build/Fat32Driver/FAT32.a(ff.o)
 .text.create_xdir
                0x10003c82       0x82 c:/Users/jorda/clo/magpie/magpie_code_snippets/sd_mux_control/build/Fat32Driver/FAT32.a(ff.o)
 .text.cmp_lfn  0x10003d04       0xa0 c:/Users/jorda/clo/magpie/magpie_code_snippets/sd_mux_control/build/Fat32Driver/FAT32.a(ff.o)
 .text.dir_find
                0x10003da4      0x172 c:/Users/jorda/clo/magpie/magpie_code_snippets/sd_mux_control/build/Fat32Driver/FAT32.a(ff.o)
 *fill*         0x10003f16        0x2 
 .text.dir_register
                0x10003f18      0x1fc c:/Users/jorda/clo/magpie/magpie_code_snippets/sd_mux_control/build/Fat32Driver/FAT32.a(ff.o)
 .text.tchar2uni
                0x10004114       0x4a c:/Users/jorda/clo/magpie/magpie_code_snippets/sd_mux_control/build/Fat32Driver/FAT32.a(ff.o)
 *fill*         0x1000415e        0x2 
 .text.create_name
                0x10004160      0x2a4 c:/Users/jorda/clo/magpie/magpie_code_snippets/sd_mux_control/build/Fat32Driver/FAT32.a(ff.o)
 .text.follow_path
                0x10004404      0x124 c:/Users/jorda/clo/magpie/magpie_code_snippets/sd_mux_control/build/Fat32Driver/FAT32.a(ff.o)
 .text.sync_fs  0x10004528       0x8c c:/Users/jorda/clo/magpie/magpie_code_snippets/sd_mux_control/build/Fat32Driver/FAT32.a(ff.o)
 .text.f_mount  0x100045b4       0x58 c:/Users/jorda/clo/magpie/magpie_code_snippets/sd_mux_control/build/Fat32Driver/FAT32.a(ff.o)
                0x100045b4                f_mount
 .text.f_open   0x1000460c      0x2b4 c:/Users/jorda/clo/magpie/magpie_code_snippets/sd_mux_control/build/Fat32Driver/FAT32.a(ff.o)
                0x1000460c                f_open
 .text.f_write  0x100048c0      0x246 c:/Users/jorda/clo/magpie/magpie_code_snippets/sd_mux_control/build/Fat32Driver/FAT32.a(ff.o)
                0x100048c0                f_write
 *fill*         0x10004b06        0x2 
 .text.f_sync   0x10004b08      0x148 c:/Users/jorda/clo/magpie/magpie_code_snippets/sd_mux_control/build/Fat32Driver/FAT32.a(ff.o)
                0x10004b08                f_sync
 .text.f_close  0x10004c50       0x20 c:/Users/jorda/clo/magpie/magpie_code_snippets/sd_mux_control/build/Fat32Driver/FAT32.a(ff.o)
                0x10004c50                f_close
 .text.ff_uni2oem
                0x10004c70       0x64 c:/Users/jorda/clo/magpie/magpie_code_snippets/sd_mux_control/build/Fat32Driver/FAT32.a(ffunicode.o)
                0x10004c70                ff_uni2oem
 .text.ff_oem2uni
                0x10004cd4       0x54 c:/Users/jorda/clo/magpie/magpie_code_snippets/sd_mux_control/build/Fat32Driver/FAT32.a(ffunicode.o)
                0x10004cd4                ff_oem2uni
 .text.ff_wtoupper
                0x10004d28       0xa0 c:/Users/jorda/clo/magpie/magpie_code_snippets/sd_mux_control/build/Fat32Driver/FAT32.a(ffunicode.o)
                0x10004d28                ff_wtoupper
 .text.ctrl_sync
                0x10004dc8        0x4 c:/Users/jorda/clo/magpie/magpie_code_snippets/sd_mux_control/build/Fat32Driver/FAT32.a(diskio.o)
 .text.get_sector_count
                0x10004dcc       0x3c c:/Users/jorda/clo/magpie/magpie_code_snippets/sd_mux_control/build/Fat32Driver/FAT32.a(diskio.o)
 .text.mmc_get_csd
                0x10004e08       0x20 c:/Users/jorda/clo/magpie/magpie_code_snippets/sd_mux_control/build/Fat32Driver/FAT32.a(diskio.o)
 .text.get_block_size
                0x10004e28       0x38 c:/Users/jorda/clo/magpie/magpie_code_snippets/sd_mux_control/build/Fat32Driver/FAT32.a(diskio.o)
 .text.disk_status
                0x10004e60       0x24 c:/Users/jorda/clo/magpie/magpie_code_snippets/sd_mux_control/build/Fat32Driver/FAT32.a(diskio.o)
                0x10004e60                disk_status
 .text.disk_initialize
                0x10004e84       0x38 c:/Users/jorda/clo/magpie/magpie_code_snippets/sd_mux_control/build/Fat32Driver/FAT32.a(diskio.o)
                0x10004e84                disk_initialize
 .text.disk_read
                0x10004ebc       0x22 c:/Users/jorda/clo/magpie/magpie_code_snippets/sd_mux_control/build/Fat32Driver/FAT32.a(diskio.o)
                0x10004ebc                disk_read
 .text.disk_write
                0x10004ede       0x20 c:/Users/jorda/clo/magpie/magpie_code_snippets/sd_mux_control/build/Fat32Driver/FAT32.a(diskio.o)
                0x10004ede                disk_write
 .text.disk_ioctl
                0x10004efe       0x3c c:/Users/jorda/clo/magpie/magpie_code_snippets/sd_mux_control/build/Fat32Driver/FAT32.a(diskio.o)
                0x10004efe                disk_ioctl
 *fill*         0x10004f3a        0x2 
 .text.MXC_SDHC_Lib_SetRCA
                0x10004f3c       0x58 c:/Users/jorda/clo/magpie/magpie_code_snippets/sd_mux_control/build/SDHCDriver/sdhc.a(sdhc_lib.o)
                0x10004f3c                MXC_SDHC_Lib_SetRCA
 .text.MXC_SDHC_Lib_GetCSD
                0x10004f94       0x64 c:/Users/jorda/clo/magpie/magpie_code_snippets/sd_mux_control/build/SDHCDriver/sdhc.a(sdhc_lib.o)
                0x10004f94                MXC_SDHC_Lib_GetCSD
 .text.MXC_SDHC_Lib_GetBlockSize
                0x10004ff8       0x16 c:/Users/jorda/clo/magpie/magpie_code_snippets/sd_mux_control/build/SDHCDriver/sdhc.a(sdhc_lib.o)
                0x10004ff8                MXC_SDHC_Lib_GetBlockSize
 *fill*         0x1000500e        0x2 
 .text.MXC_SDHC_Lib_GetTaskStatusRegister
                0x10005010       0x38 c:/Users/jorda/clo/magpie/magpie_code_snippets/sd_mux_control/build/SDHCDriver/sdhc.a(sdhc_lib.o)
                0x10005010                MXC_SDHC_Lib_GetTaskStatusRegister
 .text.MXC_SDHC_Lib_GetCurrentState
                0x10005048       0x18 c:/Users/jorda/clo/magpie/magpie_code_snippets/sd_mux_control/build/SDHCDriver/sdhc.a(sdhc_lib.o)
                0x10005048                MXC_SDHC_Lib_GetCurrentState
 .text.MXC_SDHC_Lib_SetDsr
                0x10005060       0x2c c:/Users/jorda/clo/magpie/magpie_code_snippets/sd_mux_control/build/SDHCDriver/sdhc.a(sdhc_lib.o)
                0x10005060                MXC_SDHC_Lib_SetDsr
 .text.MXC_SDHC_Lib_SetBusWidth
                0x1000508c       0xac c:/Users/jorda/clo/magpie/magpie_code_snippets/sd_mux_control/build/SDHCDriver/sdhc.a(sdhc_lib.o)
                0x1000508c                MXC_SDHC_Lib_SetBusWidth
 .text.MXC_SDHC_Lib_InitCard
                0x10005138      0x1cc c:/Users/jorda/clo/magpie/magpie_code_snippets/sd_mux_control/build/SDHCDriver/sdhc.a(sdhc_lib.o)
                0x10005138                MXC_SDHC_Lib_InitCard
 .text.MXC_SDHC_Lib_Prepare_Trans
                0x10005304       0x80 c:/Users/jorda/clo/magpie/magpie_code_snippets/sd_mux_control/build/SDHCDriver/sdhc.a(sdhc_lib.o)
                0x10005304                MXC_SDHC_Lib_Prepare_Trans
 .text.MXC_SDHC_Lib_Write
                0x10005384       0x4e c:/Users/jorda/clo/magpie/magpie_code_snippets/sd_mux_control/build/SDHCDriver/sdhc.a(sdhc_lib.o)
                0x10005384                MXC_SDHC_Lib_Write
 .text.MXC_SDHC_Lib_Read
                0x100053d2       0x4c c:/Users/jorda/clo/magpie/magpie_code_snippets/sd_mux_control/build/SDHCDriver/sdhc.a(sdhc_lib.o)
                0x100053d2                MXC_SDHC_Lib_Read
 *fill*         0x1000541e        0x2 
 .text.__errno  0x10005420        0xc c:/maximsdk/tools/gnutools/10.3/bin/../lib/gcc/arm-none-eabi/10.3.1/../../../../arm-none-eabi/lib/thumb/v7e-m+fp/softfp\libc.a(lib_a-errno.o)
                0x10005420                __errno
 .text.__libc_init_array
                0x1000542c       0x48 c:/maximsdk/tools/gnutools/10.3/bin/../lib/gcc/arm-none-eabi/10.3.1/../../../../arm-none-eabi/lib/thumb/v7e-m+fp/softfp\libc.a(lib_a-init.o)
                0x1000542c                __libc_init_array
 .text.memcmp   0x10005474       0x64 c:/maximsdk/tools/gnutools/10.3/bin/../lib/gcc/arm-none-eabi/10.3.1/../../../../arm-none-eabi/lib/thumb/v7e-m+fp/softfp\libc.a(lib_a-memcmp.o)
                0x10005474                memcmp
 .text          0x100054d8      0x134 c:/maximsdk/tools/gnutools/10.3/bin/../lib/gcc/arm-none-eabi/10.3.1/../../../../arm-none-eabi/lib/thumb/v7e-m+fp/softfp\libc.a(lib_a-memcpy.o)
                0x100054d8                memcpy
 .text.memset   0x1000560c       0xa4 c:/maximsdk/tools/gnutools/10.3/bin/../lib/gcc/arm-none-eabi/10.3.1/../../../../arm-none-eabi/lib/thumb/v7e-m+fp/softfp\libc.a(lib_a-memset.o)
                0x1000560c                memset
 .text.printf   0x100056b0       0x28 c:/maximsdk/tools/gnutools/10.3/bin/../lib/gcc/arm-none-eabi/10.3.1/../../../../arm-none-eabi/lib/thumb/v7e-m+fp/softfp\libc.a(lib_a-printf.o)
                0x100056b0                printf
 .text._puts_r  0x100056d8       0x9c c:/maximsdk/tools/gnutools/10.3/bin/../lib/gcc/arm-none-eabi/10.3.1/../../../../arm-none-eabi/lib/thumb/v7e-m+fp/softfp\libc.a(lib_a-puts.o)
                0x100056d8                _puts_r
 .text.puts     0x10005774       0x10 c:/maximsdk/tools/gnutools/10.3/bin/../lib/gcc/arm-none-eabi/10.3.1/../../../../arm-none-eabi/lib/thumb/v7e-m+fp/softfp\libc.a(lib_a-puts.o)
                0x10005774                puts
 .text.sprintf  0x10005784       0x40 c:/maximsdk/tools/gnutools/10.3/bin/../lib/gcc/arm-none-eabi/10.3.1/../../../../arm-none-eabi/lib/thumb/v7e-m+fp/softfp\libc.a(lib_a-sprintf.o)
                0x10005784                sprintf
 .text.strchr   0x100057c4       0xcc c:/maximsdk/tools/gnutools/10.3/bin/../lib/gcc/arm-none-eabi/10.3.1/../../../../arm-none-eabi/lib/thumb/v7e-m+fp/softfp\libc.a(lib_a-strchr.o)
                0x100057c4                strchr
 *fill*         0x10005890       0x30 
 .text          0x100058c0       0xdc c:/maximsdk/tools/gnutools/10.3/bin/../lib/gcc/arm-none-eabi/10.3.1/../../../../arm-none-eabi/lib/thumb/v7e-m+fp/softfp\libc.a(lib_a-strlen.o)
                0x100058c0                strlen
 *fill*         0x1000599c        0x4 
 .text._svfprintf_r
                0x100059a0     0x1ac8 c:/maximsdk/tools/gnutools/10.3/bin/../lib/gcc/arm-none-eabi/10.3.1/../../../../arm-none-eabi/lib/thumb/v7e-m+fp/softfp\libc.a(lib_a-svfprintf.o)
                0x100059a0                _svfprintf_r
 .text._vfprintf_r
                0x10007468     0x1b8c c:/maximsdk/tools/gnutools/10.3/bin/../lib/gcc/arm-none-eabi/10.3.1/../../../../arm-none-eabi/lib/thumb/v7e-m+fp/softfp\libc.a(lib_a-vfprintf.o)
                0x10007468                _vfprintf_r
 .text.__sbprintf
                0x10008ff4       0x80 c:/maximsdk/tools/gnutools/10.3/bin/../lib/gcc/arm-none-eabi/10.3.1/../../../../arm-none-eabi/lib/thumb/v7e-m+fp/softfp\libc.a(lib_a-vfprintf.o)
 .text.__swsetup_r
                0x10009074       0xd4 c:/maximsdk/tools/gnutools/10.3/bin/../lib/gcc/arm-none-eabi/10.3.1/../../../../arm-none-eabi/lib/thumb/v7e-m+fp/softfp\libc.a(lib_a-wsetup.o)
                0x10009074                __swsetup_r
 .text.startup.register_fini
                0x10009148       0x14 c:/maximsdk/tools/gnutools/10.3/bin/../lib/gcc/arm-none-eabi/10.3.1/../../../../arm-none-eabi/lib/thumb/v7e-m+fp/softfp\libc.a(lib_a-__call_atexit.o)
 .text.atexit   0x1000915c        0xc c:/maximsdk/tools/gnutools/10.3/bin/../lib/gcc/arm-none-eabi/10.3.1/../../../../arm-none-eabi/lib/thumb/v7e-m+fp/softfp\libc.a(lib_a-atexit.o)
                0x1000915c                atexit
 .text.quorem   0x10009168      0x128 c:/maximsdk/tools/gnutools/10.3/bin/../lib/gcc/arm-none-eabi/10.3.1/../../../../arm-none-eabi/lib/thumb/v7e-m+fp/softfp\libc.a(lib_a-dtoa.o)
 .text._dtoa_r  0x10009290      0xf34 c:/maximsdk/tools/gnutools/10.3/bin/../lib/gcc/arm-none-eabi/10.3.1/../../../../arm-none-eabi/lib/thumb/v7e-m+fp/softfp\libc.a(lib_a-dtoa.o)
                0x10009290                _dtoa_r
 .text.__sflush_r
                0x1000a1c4      0x130 c:/maximsdk/tools/gnutools/10.3/bin/../lib/gcc/arm-none-eabi/10.3.1/../../../../arm-none-eabi/lib/thumb/v7e-m+fp/softfp\libc.a(lib_a-fflush.o)
                0x1000a1c4                __sflush_r
 .text._fflush_r
                0x1000a2f4       0x5c c:/maximsdk/tools/gnutools/10.3/bin/../lib/gcc/arm-none-eabi/10.3.1/../../../../arm-none-eabi/lib/thumb/v7e-m+fp/softfp\libc.a(lib_a-fflush.o)
                0x1000a2f4                _fflush_r
 .text._cleanup_r
                0x1000a350        0xc c:/maximsdk/tools/gnutools/10.3/bin/../lib/gcc/arm-none-eabi/10.3.1/../../../../arm-none-eabi/lib/thumb/v7e-m+fp/softfp\libc.a(lib_a-findfp.o)
                0x1000a350                _cleanup_r
 .text.__sinit  0x1000a35c      0x10c c:/maximsdk/tools/gnutools/10.3/bin/../lib/gcc/arm-none-eabi/10.3.1/../../../../arm-none-eabi/lib/thumb/v7e-m+fp/softfp\libc.a(lib_a-findfp.o)
                0x1000a35c                __sinit
 .text.__sfp_lock_acquire
                0x1000a468        0xc c:/maximsdk/tools/gnutools/10.3/bin/../lib/gcc/arm-none-eabi/10.3.1/../../../../arm-none-eabi/lib/thumb/v7e-m+fp/softfp\libc.a(lib_a-findfp.o)
                0x1000a468                __sfp_lock_acquire
 .text.__sfp_lock_release
                0x1000a474        0xc c:/maximsdk/tools/gnutools/10.3/bin/../lib/gcc/arm-none-eabi/10.3.1/../../../../arm-none-eabi/lib/thumb/v7e-m+fp/softfp\libc.a(lib_a-findfp.o)
                0x1000a474                __sfp_lock_release
 .text.__libc_fini_array
                0x1000a480       0x2c c:/maximsdk/tools/gnutools/10.3/bin/../lib/gcc/arm-none-eabi/10.3.1/../../../../arm-none-eabi/lib/thumb/v7e-m+fp/softfp\libc.a(lib_a-fini.o)
                0x1000a480                __libc_fini_array
 .text._malloc_trim_r
                0x1000a4ac       0xa0 c:/maximsdk/tools/gnutools/10.3/bin/../lib/gcc/arm-none-eabi/10.3.1/../../../../arm-none-eabi/lib/thumb/v7e-m+fp/softfp\libc.a(lib_a-freer.o)
                0x1000a4ac                _malloc_trim_r
 .text._free_r  0x1000a54c      0x20c c:/maximsdk/tools/gnutools/10.3/bin/../lib/gcc/arm-none-eabi/10.3.1/../../../../arm-none-eabi/lib/thumb/v7e-m+fp/softfp\libc.a(lib_a-freer.o)
                0x1000a54c                _free_r
 .text.__sfvwrite_r
                0x1000a758      0x2f0 c:/maximsdk/tools/gnutools/10.3/bin/../lib/gcc/arm-none-eabi/10.3.1/../../../../arm-none-eabi/lib/thumb/v7e-m+fp/softfp\libc.a(lib_a-fvwrite.o)
                0x1000a758                __sfvwrite_r
 .text._fwalk_reent
                0x1000aa48       0x48 c:/maximsdk/tools/gnutools/10.3/bin/../lib/gcc/arm-none-eabi/10.3.1/../../../../arm-none-eabi/lib/thumb/v7e-m+fp/softfp\libc.a(lib_a-fwalk.o)
                0x1000aa48                _fwalk_reent
 .text._localeconv_r
                0x1000aa90        0x8 c:/maximsdk/tools/gnutools/10.3/bin/../lib/gcc/arm-none-eabi/10.3.1/../../../../arm-none-eabi/lib/thumb/v7e-m+fp/softfp\libc.a(lib_a-localeconv.o)
                0x1000aa90                _localeconv_r
 .text.__retarget_lock_init_recursive
                0x1000aa98        0x4 c:/maximsdk/tools/gnutools/10.3/bin/../lib/gcc/arm-none-eabi/10.3.1/../../../../arm-none-eabi/lib/thumb/v7e-m+fp/softfp\libc.a(lib_a-lock.o)
                0x1000aa98                __retarget_lock_init_recursive
 .text.__retarget_lock_close_recursive
                0x1000aa9c        0x4 c:/maximsdk/tools/gnutools/10.3/bin/../lib/gcc/arm-none-eabi/10.3.1/../../../../arm-none-eabi/lib/thumb/v7e-m+fp/softfp\libc.a(lib_a-lock.o)
                0x1000aa9c                __retarget_lock_close_recursive
 .text.__retarget_lock_acquire_recursive
                0x1000aaa0        0x4 c:/maximsdk/tools/gnutools/10.3/bin/../lib/gcc/arm-none-eabi/10.3.1/../../../../arm-none-eabi/lib/thumb/v7e-m+fp/softfp\libc.a(lib_a-lock.o)
                0x1000aaa0                __retarget_lock_acquire_recursive
 .text.__retarget_lock_release_recursive
                0x1000aaa4        0x4 c:/maximsdk/tools/gnutools/10.3/bin/../lib/gcc/arm-none-eabi/10.3.1/../../../../arm-none-eabi/lib/thumb/v7e-m+fp/softfp\libc.a(lib_a-lock.o)
                0x1000aaa4                __retarget_lock_release_recursive
 .text.__smakebuf_r
                0x1000aaa8       0xe0 c:/maximsdk/tools/gnutools/10.3/bin/../lib/gcc/arm-none-eabi/10.3.1/../../../../arm-none-eabi/lib/thumb/v7e-m+fp/softfp\libc.a(lib_a-makebuf.o)
                0x1000aaa8                __smakebuf_r
 .text._malloc_r
                0x1000ab88      0x560 c:/maximsdk/tools/gnutools/10.3/bin/../lib/gcc/arm-none-eabi/10.3.1/../../../../arm-none-eabi/lib/thumb/v7e-m+fp/softfp\libc.a(lib_a-mallocr.o)
                0x1000ab88                _malloc_r
 *fill*         0x1000b0e8        0x8 
 .text          0x1000b0f0       0xa0 c:/maximsdk/tools/gnutools/10.3/bin/../lib/gcc/arm-none-eabi/10.3.1/../../../../arm-none-eabi/lib/thumb/v7e-m+fp/softfp\libc.a(lib_a-memchr.o)
                0x1000b0f0                memchr
 .text.memmove  0x1000b190       0xf8 c:/maximsdk/tools/gnutools/10.3/bin/../lib/gcc/arm-none-eabi/10.3.1/../../../../arm-none-eabi/lib/thumb/v7e-m+fp/softfp\libc.a(lib_a-memmove.o)
                0x1000b190                memmove
 .text.__malloc_lock
                0x1000b288        0xc c:/maximsdk/tools/gnutools/10.3/bin/../lib/gcc/arm-none-eabi/10.3.1/../../../../arm-none-eabi/lib/thumb/v7e-m+fp/softfp\libc.a(lib_a-mlock.o)
                0x1000b288                __malloc_lock
 .text.__malloc_unlock
                0x1000b294        0xc c:/maximsdk/tools/gnutools/10.3/bin/../lib/gcc/arm-none-eabi/10.3.1/../../../../arm-none-eabi/lib/thumb/v7e-m+fp/softfp\libc.a(lib_a-mlock.o)
                0x1000b294                __malloc_unlock
 .text._Balloc  0x1000b2a0       0x4c c:/maximsdk/tools/gnutools/10.3/bin/../lib/gcc/arm-none-eabi/10.3.1/../../../../arm-none-eabi/lib/thumb/v7e-m+fp/softfp\libc.a(lib_a-mprec.o)
                0x1000b2a0                _Balloc
 .text._Bfree   0x1000b2ec       0x14 c:/maximsdk/tools/gnutools/10.3/bin/../lib/gcc/arm-none-eabi/10.3.1/../../../../arm-none-eabi/lib/thumb/v7e-m+fp/softfp\libc.a(lib_a-mprec.o)
                0x1000b2ec                _Bfree
 .text.__multadd
                0x1000b300       0xa8 c:/maximsdk/tools/gnutools/10.3/bin/../lib/gcc/arm-none-eabi/10.3.1/../../../../arm-none-eabi/lib/thumb/v7e-m+fp/softfp\libc.a(lib_a-mprec.o)
                0x1000b300                __multadd
 .text.__hi0bits
                0x1000b3a8       0x40 c:/maximsdk/tools/gnutools/10.3/bin/../lib/gcc/arm-none-eabi/10.3.1/../../../../arm-none-eabi/lib/thumb/v7e-m+fp/softfp\libc.a(lib_a-mprec.o)
                0x1000b3a8                __hi0bits
 .text.__lo0bits
                0x1000b3e8       0x60 c:/maximsdk/tools/gnutools/10.3/bin/../lib/gcc/arm-none-eabi/10.3.1/../../../../arm-none-eabi/lib/thumb/v7e-m+fp/softfp\libc.a(lib_a-mprec.o)
                0x1000b3e8                __lo0bits
 .text.__i2b    0x1000b448       0x5c c:/maximsdk/tools/gnutools/10.3/bin/../lib/gcc/arm-none-eabi/10.3.1/../../../../arm-none-eabi/lib/thumb/v7e-m+fp/softfp\libc.a(lib_a-mprec.o)
                0x1000b448                __i2b
 .text.__multiply
                0x1000b4a4      0x15c c:/maximsdk/tools/gnutools/10.3/bin/../lib/gcc/arm-none-eabi/10.3.1/../../../../arm-none-eabi/lib/thumb/v7e-m+fp/softfp\libc.a(lib_a-mprec.o)
                0x1000b4a4                __multiply
 .text.__pow5mult
                0x1000b600       0xc0 c:/maximsdk/tools/gnutools/10.3/bin/../lib/gcc/arm-none-eabi/10.3.1/../../../../arm-none-eabi/lib/thumb/v7e-m+fp/softfp\libc.a(lib_a-mprec.o)
                0x1000b600                __pow5mult
 .text.__lshift
                0x1000b6c0       0xf0 c:/maximsdk/tools/gnutools/10.3/bin/../lib/gcc/arm-none-eabi/10.3.1/../../../../arm-none-eabi/lib/thumb/v7e-m+fp/softfp\libc.a(lib_a-mprec.o)
                0x1000b6c0                __lshift
 .text.__mcmp   0x1000b7b0       0x44 c:/maximsdk/tools/gnutools/10.3/bin/../lib/gcc/arm-none-eabi/10.3.1/../../../../arm-none-eabi/lib/thumb/v7e-m+fp/softfp\libc.a(lib_a-mprec.o)
                0x1000b7b0                __mcmp
 .text.__mdiff  0x1000b7f4      0x14c c:/maximsdk/tools/gnutools/10.3/bin/../lib/gcc/arm-none-eabi/10.3.1/../../../../arm-none-eabi/lib/thumb/v7e-m+fp/softfp\libc.a(lib_a-mprec.o)
                0x1000b7f4                __mdiff
 .text.__d2b    0x1000b940       0xc4 c:/maximsdk/tools/gnutools/10.3/bin/../lib/gcc/arm-none-eabi/10.3.1/../../../../arm-none-eabi/lib/thumb/v7e-m+fp/softfp\libc.a(lib_a-mprec.o)
                0x1000b940                __d2b
 .text._realloc_r
                0x1000ba04      0x3d8 c:/maximsdk/tools/gnutools/10.3/bin/../lib/gcc/arm-none-eabi/10.3.1/../../../../arm-none-eabi/lib/thumb/v7e-m+fp/softfp\libc.a(lib_a-reallocr.o)
                0x1000ba04                _realloc_r
 .text.frexp    0x1000bddc       0x70 c:/maximsdk/tools/gnutools/10.3/bin/../lib/gcc/arm-none-eabi/10.3.1/../../../../arm-none-eabi/lib/thumb/v7e-m+fp/softfp\libc.a(lib_a-s_frexp.o)
                0x1000bddc                frexp
 .text._sbrk_r  0x1000be4c       0x24 c:/maximsdk/tools/gnutools/10.3/bin/../lib/gcc/arm-none-eabi/10.3.1/../../../../arm-none-eabi/lib/thumb/v7e-m+fp/softfp\libc.a(lib_a-sbrkr.o)
                0x1000be4c                _sbrk_r
 .text.__sread  0x1000be70       0x24 c:/maximsdk/tools/gnutools/10.3/bin/../lib/gcc/arm-none-eabi/10.3.1/../../../../arm-none-eabi/lib/thumb/v7e-m+fp/softfp\libc.a(lib_a-stdio.o)
                0x1000be70                __sread
 .text.__swrite
                0x1000be94       0x40 c:/maximsdk/tools/gnutools/10.3/bin/../lib/gcc/arm-none-eabi/10.3.1/../../../../arm-none-eabi/lib/thumb/v7e-m+fp/softfp\libc.a(lib_a-stdio.o)
                0x1000be94                __swrite
 .text.__sseek  0x1000bed4       0x20 c:/maximsdk/tools/gnutools/10.3/bin/../lib/gcc/arm-none-eabi/10.3.1/../../../../arm-none-eabi/lib/thumb/v7e-m+fp/softfp\libc.a(lib_a-stdio.o)
                0x1000bed4                __sseek
 .text.__sclose
                0x1000bef4        0x8 c:/maximsdk/tools/gnutools/10.3/bin/../lib/gcc/arm-none-eabi/10.3.1/../../../../arm-none-eabi/lib/thumb/v7e-m+fp/softfp\libc.a(lib_a-stdio.o)
                0x1000bef4                __sclose
 .text.strncpy  0x1000befc       0x64 c:/maximsdk/tools/gnutools/10.3/bin/../lib/gcc/arm-none-eabi/10.3.1/../../../../arm-none-eabi/lib/thumb/v7e-m+fp/softfp\libc.a(lib_a-strncpy.o)
                0x1000befc                strncpy
 .text.__ssprint_r
                0x1000bf60       0xf8 c:/maximsdk/tools/gnutools/10.3/bin/../lib/gcc/arm-none-eabi/10.3.1/../../../../arm-none-eabi/lib/thumb/v7e-m+fp/softfp\libc.a(lib_a-svfiprintf.o)
                0x1000bf60                __ssprint_r
 .text.__sprint_r.part.0
                0x1000c058       0x78 c:/maximsdk/tools/gnutools/10.3/bin/../lib/gcc/arm-none-eabi/10.3.1/../../../../arm-none-eabi/lib/thumb/v7e-m+fp/softfp\libc.a(lib_a-vfiprintf.o)
 .text.__sprint_r
                0x1000c0d0       0x18 c:/maximsdk/tools/gnutools/10.3/bin/../lib/gcc/arm-none-eabi/10.3.1/../../../../arm-none-eabi/lib/thumb/v7e-m+fp/softfp\libc.a(lib_a-vfiprintf.o)
                0x1000c0d0                __sprint_r
 .text._vfiprintf_r
                0x1000c0e8      0xdfc c:/maximsdk/tools/gnutools/10.3/bin/../lib/gcc/arm-none-eabi/10.3.1/../../../../arm-none-eabi/lib/thumb/v7e-m+fp/softfp\libc.a(lib_a-vfiprintf.o)
                0x1000c0e8                _vfiprintf_r
 .text.__sbprintf
                0x1000cee4       0x80 c:/maximsdk/tools/gnutools/10.3/bin/../lib/gcc/arm-none-eabi/10.3.1/../../../../arm-none-eabi/lib/thumb/v7e-m+fp/softfp\libc.a(lib_a-vfiprintf.o)
 .text._write_r
                0x1000cf64       0x2c c:/maximsdk/tools/gnutools/10.3/bin/../lib/gcc/arm-none-eabi/10.3.1/../../../../arm-none-eabi/lib/thumb/v7e-m+fp/softfp\libc.a(lib_a-writer.o)
                0x1000cf64                _write_r
 .text.__register_exitproc
                0x1000cf90       0x8c c:/maximsdk/tools/gnutools/10.3/bin/../lib/gcc/arm-none-eabi/10.3.1/../../../../arm-none-eabi/lib/thumb/v7e-m+fp/softfp\libc.a(lib_a-__atexit.o)
                0x1000cf90                __register_exitproc
 .text.__assert_func
                0x1000d01c       0x40 c:/maximsdk/tools/gnutools/10.3/bin/../lib/gcc/arm-none-eabi/10.3.1/../../../../arm-none-eabi/lib/thumb/v7e-m+fp/softfp\libc.a(lib_a-assert.o)
                0x1000d01c                __assert_func
 .text._calloc_r
                0x1000d05c       0x78 c:/maximsdk/tools/gnutools/10.3/bin/../lib/gcc/arm-none-eabi/10.3.1/../../../../arm-none-eabi/lib/thumb/v7e-m+fp/softfp\libc.a(lib_a-callocr.o)
                0x1000d05c                _calloc_r
 .text._close_r
                0x1000d0d4       0x24 c:/maximsdk/tools/gnutools/10.3/bin/../lib/gcc/arm-none-eabi/10.3.1/../../../../arm-none-eabi/lib/thumb/v7e-m+fp/softfp\libc.a(lib_a-closer.o)
                0x1000d0d4                _close_r
 .text._fclose_r
                0x1000d0f8       0xcc c:/maximsdk/tools/gnutools/10.3/bin/../lib/gcc/arm-none-eabi/10.3.1/../../../../arm-none-eabi/lib/thumb/v7e-m+fp/softfp\libc.a(lib_a-fclose.o)
                0x1000d0f8                _fclose_r
 .text.fiprintf
                0x1000d1c4       0x28 c:/maximsdk/tools/gnutools/10.3/bin/../lib/gcc/arm-none-eabi/10.3.1/../../../../arm-none-eabi/lib/thumb/v7e-m+fp/softfp\libc.a(lib_a-fiprintf.o)
                0x1000d1c4                fiprintf
 .text.__fputwc
                0x1000d1ec       0xa8 c:/maximsdk/tools/gnutools/10.3/bin/../lib/gcc/arm-none-eabi/10.3.1/../../../../arm-none-eabi/lib/thumb/v7e-m+fp/softfp\libc.a(lib_a-fputwc.o)
                0x1000d1ec                __fputwc
 .text._fputwc_r
                0x1000d294       0x68 c:/maximsdk/tools/gnutools/10.3/bin/../lib/gcc/arm-none-eabi/10.3.1/../../../../arm-none-eabi/lib/thumb/v7e-m+fp/softfp\libc.a(lib_a-fputwc.o)
                0x1000d294                _fputwc_r
 .text._fstat_r
                0x1000d2fc       0x2c c:/maximsdk/tools/gnutools/10.3/bin/../lib/gcc/arm-none-eabi/10.3.1/../../../../arm-none-eabi/lib/thumb/v7e-m+fp/softfp\libc.a(lib_a-fstatr.o)
                0x1000d2fc                _fstat_r
 .text._isatty_r
                0x1000d328       0x24 c:/maximsdk/tools/gnutools/10.3/bin/../lib/gcc/arm-none-eabi/10.3.1/../../../../arm-none-eabi/lib/thumb/v7e-m+fp/softfp\libc.a(lib_a-isattyr.o)
                0x1000d328                _isatty_r
 .text.__locale_mb_cur_max
                0x1000d34c        0xc c:/maximsdk/tools/gnutools/10.3/bin/../lib/gcc/arm-none-eabi/10.3.1/../../../../arm-none-eabi/lib/thumb/v7e-m+fp/softfp\libc.a(lib_a-locale.o)
                0x1000d34c                __locale_mb_cur_max
 .text._lseek_r
                0x1000d358       0x2c c:/maximsdk/tools/gnutools/10.3/bin/../lib/gcc/arm-none-eabi/10.3.1/../../../../arm-none-eabi/lib/thumb/v7e-m+fp/softfp\libc.a(lib_a-lseekr.o)
                0x1000d358                _lseek_r
 .text.__ascii_mbtowc
                0x1000d384       0x2c c:/maximsdk/tools/gnutools/10.3/bin/../lib/gcc/arm-none-eabi/10.3.1/../../../../arm-none-eabi/lib/thumb/v7e-m+fp/softfp\libc.a(lib_a-mbtowc_r.o)
                0x1000d384                __ascii_mbtowc
 .text._read_r  0x1000d3b0       0x2c c:/maximsdk/tools/gnutools/10.3/bin/../lib/gcc/arm-none-eabi/10.3.1/../../../../arm-none-eabi/lib/thumb/v7e-m+fp/softfp\libc.a(lib_a-readr.o)
                0x1000d3b0                _read_r
 .text.__swbuf_r
                0x1000d3dc       0xb0 c:/maximsdk/tools/gnutools/10.3/bin/../lib/gcc/arm-none-eabi/10.3.1/../../../../arm-none-eabi/lib/thumb/v7e-m+fp/softfp\libc.a(lib_a-wbuf.o)
                0x1000d3dc                __swbuf_r
 .text._wcrtomb_r
                0x1000d48c       0x3c c:/maximsdk/tools/gnutools/10.3/bin/../lib/gcc/arm-none-eabi/10.3.1/../../../../arm-none-eabi/lib/thumb/v7e-m+fp/softfp\libc.a(lib_a-wcrtomb.o)
                0x1000d48c                _wcrtomb_r
 .text.__ascii_wctomb
                0x1000d4c8       0x1c c:/maximsdk/tools/gnutools/10.3/bin/../lib/gcc/arm-none-eabi/10.3.1/../../../../arm-none-eabi/lib/thumb/v7e-m+fp/softfp\libc.a(lib_a-wctomb_r.o)
                0x1000d4c8                __ascii_wctomb
 .text.abort    0x1000d4e4       0x10 c:/maximsdk/tools/gnutools/10.3/bin/../lib/gcc/arm-none-eabi/10.3.1/../../../../arm-none-eabi/lib/thumb/v7e-m+fp/softfp\libc.a(lib_a-abort.o)
                0x1000d4e4                abort
 .text.raise    0x1000d4f4       0x5c c:/maximsdk/tools/gnutools/10.3/bin/../lib/gcc/arm-none-eabi/10.3.1/../../../../arm-none-eabi/lib/thumb/v7e-m+fp/softfp\libc.a(lib_a-signal.o)
                0x1000d4f4                raise
 .text._kill_r  0x1000d550       0x2c c:/maximsdk/tools/gnutools/10.3/bin/../lib/gcc/arm-none-eabi/10.3.1/../../../../arm-none-eabi/lib/thumb/v7e-m+fp/softfp\libc.a(lib_a-signalr.o)
                0x1000d550                _kill_r
 .text._getpid_r
                0x1000d57c        0x4 c:/maximsdk/tools/gnutools/10.3/bin/../lib/gcc/arm-none-eabi/10.3.1/../../../../arm-none-eabi/lib/thumb/v7e-m+fp/softfp\libc.a(lib_a-signalr.o)
                0x1000d57c                _getpid_r
 .text._exit    0x1000d580        0x4 c:/maximsdk/tools/gnutools/10.3/bin/../lib/gcc/arm-none-eabi/10.3.1/../../../../arm-none-eabi/lib/thumb/v7e-m+fp/softfp\libnosys.a(_exit.o)
                0x1000d580                _exit
 .text          0x1000d584      0x378 c:/maximsdk/tools/gnutools/10.3/bin/../lib/gcc/arm-none-eabi/10.3.1/thumb/v7e-m+fp/softfp\libgcc.a(_arm_addsubdf3.o)
                0x1000d584                __aeabi_drsub
                0x1000d58c                __aeabi_dsub
                0x1000d58c                __subdf3
                0x1000d590                __aeabi_dadd
                0x1000d590                __adddf3
                0x1000d808                __floatunsidf
                0x1000d808                __aeabi_ui2d
                0x1000d828                __floatsidf
                0x1000d828                __aeabi_i2d
                0x1000d84c                __aeabi_f2d
                0x1000d84c                __extendsfdf2
                0x1000d890                __floatundidf
                0x1000d890                __aeabi_ul2d
                0x1000d8a0                __floatdidf
                0x1000d8a0                __aeabi_l2d
 .text          0x1000d8fc      0x424 c:/maximsdk/tools/gnutools/10.3/bin/../lib/gcc/arm-none-eabi/10.3.1/thumb/v7e-m+fp/softfp\libgcc.a(_arm_muldivdf3.o)
                0x1000d8fc                __aeabi_dmul
                0x1000d8fc                __muldf3
                0x1000db50                __divdf3
                0x1000db50                __aeabi_ddiv
 .text          0x1000dd20      0x110 c:/maximsdk/tools/gnutools/10.3/bin/../lib/gcc/arm-none-eabi/10.3.1/thumb/v7e-m+fp/softfp\libgcc.a(_arm_cmpdf2.o)
                0x1000dd20                __gtdf2
                0x1000dd20                __gedf2
                0x1000dd28                __ltdf2
                0x1000dd28                __ledf2
                0x1000dd30                __nedf2
                0x1000dd30                __eqdf2
                0x1000dd30                __cmpdf2
                0x1000ddac                __aeabi_cdrcmple
                0x1000ddbc                __aeabi_cdcmpeq
                0x1000ddbc                __aeabi_cdcmple
                0x1000ddcc                __aeabi_dcmpeq
                0x1000dde0                __aeabi_dcmplt
                0x1000ddf4                __aeabi_dcmple
                0x1000de08                __aeabi_dcmpge
                0x1000de1c                __aeabi_dcmpgt
 .text          0x1000de30       0x2c c:/maximsdk/tools/gnutools/10.3/bin/../lib/gcc/arm-none-eabi/10.3.1/thumb/v7e-m+fp/softfp\libgcc.a(_arm_unorddf2.o)
                0x1000de30                __unorddf2
                0x1000de30                __aeabi_dcmpun
 .text          0x1000de5c       0x50 c:/maximsdk/tools/gnutools/10.3/bin/../lib/gcc/arm-none-eabi/10.3.1/thumb/v7e-m+fp/softfp\libgcc.a(_arm_fixdfsi.o)
                0x1000de5c                __aeabi_d2iz
                0x1000de5c                __fixdfsi
 .text          0x1000deac       0x30 c:/maximsdk/tools/gnutools/10.3/bin/../lib/gcc/arm-none-eabi/10.3.1/thumb/v7e-m+fp/softfp\libgcc.a(_aeabi_uldivmod.o)
                0x1000deac                __aeabi_uldivmod
 .text          0x1000dedc      0x2d0 c:/maximsdk/tools/gnutools/10.3/bin/../lib/gcc/arm-none-eabi/10.3.1/thumb/v7e-m+fp/softfp\libgcc.a(_udivmoddi4.o)
                0x1000dedc                __udivmoddi4
 .text          0x1000e1ac        0x4 c:/maximsdk/tools/gnutools/10.3/bin/../lib/gcc/arm-none-eabi/10.3.1/thumb/v7e-m+fp/softfp\libgcc.a(_dvmd_tls.o)
                0x1000e1ac                __aeabi_idiv0
                0x1000e1ac                __aeabi_ldiv0
 *(.rodata*)
 .rodata.main.str1.4
                0x1000e1b0       0x82 c:/Users/jorda/clo/magpie/magpie_code_snippets/sd_mux_control/build/main.o
 *fill*         0x1000e232        0x2 
 .rodata        0x1000e234        0xc c:/Users/jorda/clo/magpie/magpie_code_snippets/sd_mux_control/build/main.o
 .rodata.sd_card_mount.str1.4
                0x1000e240       0x82 c:/Users/jorda/clo/magpie/magpie_code_snippets/sd_mux_control/build/sd_card.o
                                  0x1 (size before relaxing)
 .rodata        0x1000e240        0xc c:/Users/jorda/clo/magpie/magpie_code_snippets/sd_mux_control/build/sd_card.o
 .rodata.mxc_assert.str1.4
                0x1000e24c       0x19 c:/Users/jorda/clo/magpie/magpie_code_snippets/sd_mux_control/build/board.o
 *fill*         0x1000e265        0x3 
 .rodata.Board_Init.str1.4
                0x1000e268       0x41 c:/Users/jorda/clo/magpie/magpie_code_snippets/sd_mux_control/build/board.o
 *fill*         0x1000e2a9        0x3 
 .rodata.led_pin
                0x1000e2ac       0x24 c:/Users/jorda/clo/magpie/magpie_code_snippets/sd_mux_control/build/board.o
                0x1000e2ac                led_pin
 .rodata.num_leds
                0x1000e2d0        0x4 c:/Users/jorda/clo/magpie/magpie_code_snippets/sd_mux_control/build/board.o
                0x1000e2d0                num_leds
 .rodata.num_pbs
                0x1000e2d4        0x4 c:/Users/jorda/clo/magpie/magpie_code_snippets/sd_mux_control/build/board.o
                0x1000e2d4                num_pbs
 .rodata.pb_pin
                0x1000e2d8       0x18 c:/Users/jorda/clo/magpie/magpie_code_snippets/sd_mux_control/build/board.o
                0x1000e2d8                pb_pin
 .rodata.LED_On.str1.4
                0x1000e2f0       0x3b c:/Users/jorda/clo/magpie/magpie_code_snippets/sd_mux_control/build/led.o
 *fill*         0x1000e32b        0x1 
 .rodata.MXC_SDHC_RevA_Init.str1.4
                0x1000e32c       0x4c C:/MaximSDK/Libraries/PeriphDrivers/bin/MAX32665/softfp/libPeriphDriver_softfp.a(sdhc_reva.o)
 .rodata.MXC_UART_RevA_Init.str1.4
                0x1000e378       0x77 C:/MaximSDK/Libraries/PeriphDrivers/bin/MAX32665/softfp/libPeriphDriver_softfp.a(uart_reva.o)
 *fill*         0x1000e3ef        0x1 
 .rodata.gpio_cfg_i2c0
                0x1000e3f0        0xc C:/MaximSDK/Libraries/PeriphDrivers/bin/MAX32665/softfp/libPeriphDriver_softfp.a(pins_me14.o)
                0x1000e3f0                gpio_cfg_i2c0
 .rodata.gpio_cfg_i2c1
                0x1000e3fc        0xc C:/MaximSDK/Libraries/PeriphDrivers/bin/MAX32665/softfp/libPeriphDriver_softfp.a(pins_me14.o)
                0x1000e3fc                gpio_cfg_i2c1
 .rodata.gpio_cfg_i2c2
                0x1000e408        0xc C:/MaximSDK/Libraries/PeriphDrivers/bin/MAX32665/softfp/libPeriphDriver_softfp.a(pins_me14.o)
                0x1000e408                gpio_cfg_i2c2
 .rodata.gpio_cfg_sdhc
                0x1000e414        0xc C:/MaximSDK/Libraries/PeriphDrivers/bin/MAX32665/softfp/libPeriphDriver_softfp.a(pins_me14.o)
                0x1000e414                gpio_cfg_sdhc
 .rodata.gpio_cfg_uart0a
                0x1000e420        0xc C:/MaximSDK/Libraries/PeriphDrivers/bin/MAX32665/softfp/libPeriphDriver_softfp.a(pins_me14.o)
                0x1000e420                gpio_cfg_uart0a
 .rodata.gpio_cfg_uart0b
                0x1000e42c        0xc C:/MaximSDK/Libraries/PeriphDrivers/bin/MAX32665/softfp/libPeriphDriver_softfp.a(pins_me14.o)
                0x1000e42c                gpio_cfg_uart0b
 .rodata.gpio_cfg_uart1a
                0x1000e438        0xc C:/MaximSDK/Libraries/PeriphDrivers/bin/MAX32665/softfp/libPeriphDriver_softfp.a(pins_me14.o)
                0x1000e438                gpio_cfg_uart1a
 .rodata.gpio_cfg_uart1b
                0x1000e444        0xc C:/MaximSDK/Libraries/PeriphDrivers/bin/MAX32665/softfp/libPeriphDriver_softfp.a(pins_me14.o)
                0x1000e444                gpio_cfg_uart1b
 .rodata.gpio_cfg_uart2a
                0x1000e450        0xc C:/MaximSDK/Libraries/PeriphDrivers/bin/MAX32665/softfp/libPeriphDriver_softfp.a(pins_me14.o)
                0x1000e450                gpio_cfg_uart2a
 .rodata.gpio_cfg_uart2b
                0x1000e45c        0xc C:/MaximSDK/Libraries/PeriphDrivers/bin/MAX32665/softfp/libPeriphDriver_softfp.a(pins_me14.o)
                0x1000e45c                gpio_cfg_uart2b
 .rodata.MXC_DMA_RevA_Init.str1.4
                0x1000e468       0x51 C:/MaximSDK/Libraries/PeriphDrivers/bin/MAX32665/softfp/libPeriphDriver_softfp.a(dma_reva.o)
 *fill*         0x1000e4b9        0x3 
 .rodata.MXC_GPIO_Common_Handler.str1.4
                0x1000e4bc       0x66 C:/MaximSDK/Libraries/PeriphDrivers/bin/MAX32665/softfp/libPeriphDriver_softfp.a(gpio_common.o)
 *fill*         0x1000e522        0x2 
 .rodata.check_fs.str1.4
                0x1000e524       0x15 c:/Users/jorda/clo/magpie/magpie_code_snippets/sd_mux_control/build/Fat32Driver/FAT32.a(ff.o)
 *fill*         0x1000e539        0x3 
 .rodata.create_name.str1.4
                0x1000e53c       0x13 c:/Users/jorda/clo/magpie/magpie_code_snippets/sd_mux_control/build/Fat32Driver/FAT32.a(ff.o)
 *fill*         0x1000e54f        0x1 
 .rodata.LfnOfs
                0x1000e550        0xd c:/Users/jorda/clo/magpie/magpie_code_snippets/sd_mux_control/build/Fat32Driver/FAT32.a(ff.o)
 *fill*         0x1000e55d        0x3 
 .rodata.cvt1.1
                0x1000e560      0x1f2 c:/Users/jorda/clo/magpie/magpie_code_snippets/sd_mux_control/build/Fat32Driver/FAT32.a(ffunicode.o)
 *fill*         0x1000e752        0x2 
 .rodata.cvt2.0
                0x1000e754       0xbc c:/Users/jorda/clo/magpie/magpie_code_snippets/sd_mux_control/build/Fat32Driver/FAT32.a(ffunicode.o)
 .rodata.oem2uni932
                0x1000e810     0x7378 c:/Users/jorda/clo/magpie/magpie_code_snippets/sd_mux_control/build/Fat32Driver/FAT32.a(ffunicode.o)
 .rodata.uni2oem932
                0x10015b88     0x7378 c:/Users/jorda/clo/magpie/magpie_code_snippets/sd_mux_control/build/Fat32Driver/FAT32.a(ffunicode.o)
 .rodata.MXC_SDHC_Lib_InitCard.str1.4
                0x1001cf00       0x39 c:/Users/jorda/clo/magpie/magpie_code_snippets/sd_mux_control/build/SDHCDriver/sdhc.a(sdhc_lib.o)
 *fill*         0x1001cf39        0x3 
 .rodata._global_impure_ptr
                0x1001cf3c        0x4 c:/maximsdk/tools/gnutools/10.3/bin/../lib/gcc/arm-none-eabi/10.3.1/../../../../arm-none-eabi/lib/thumb/v7e-m+fp/softfp\libc.a(lib_a-impure.o)
                0x1001cf3c                _global_impure_ptr
 .rodata._puts_r.str1.4
                0x1001cf40        0x2 c:/maximsdk/tools/gnutools/10.3/bin/../lib/gcc/arm-none-eabi/10.3.1/../../../../arm-none-eabi/lib/thumb/v7e-m+fp/softfp\libc.a(lib_a-puts.o)
 *fill*         0x1001cf42        0x2 
 .rodata._svfprintf_r.str1.4
                0x1001cf44       0x42 c:/maximsdk/tools/gnutools/10.3/bin/../lib/gcc/arm-none-eabi/10.3.1/../../../../arm-none-eabi/lib/thumb/v7e-m+fp/softfp\libc.a(lib_a-svfprintf.o)
 *fill*         0x1001cf86        0x2 
 .rodata.blanks.1
                0x1001cf88       0x10 c:/maximsdk/tools/gnutools/10.3/bin/../lib/gcc/arm-none-eabi/10.3.1/../../../../arm-none-eabi/lib/thumb/v7e-m+fp/softfp\libc.a(lib_a-svfprintf.o)
 .rodata.zeroes.0
                0x1001cf98       0x10 c:/maximsdk/tools/gnutools/10.3/bin/../lib/gcc/arm-none-eabi/10.3.1/../../../../arm-none-eabi/lib/thumb/v7e-m+fp/softfp\libc.a(lib_a-svfprintf.o)
 .rodata._vfprintf_r.str1.4
                0x1001cfa8       0x42 c:/maximsdk/tools/gnutools/10.3/bin/../lib/gcc/arm-none-eabi/10.3.1/../../../../arm-none-eabi/lib/thumb/v7e-m+fp/softfp\libc.a(lib_a-vfprintf.o)
 .rodata.blanks.1
                0x1001cfa8       0x10 c:/maximsdk/tools/gnutools/10.3/bin/../lib/gcc/arm-none-eabi/10.3.1/../../../../arm-none-eabi/lib/thumb/v7e-m+fp/softfp\libc.a(lib_a-vfprintf.o)
 .rodata.zeroes.0
                0x1001cfb8       0x10 c:/maximsdk/tools/gnutools/10.3/bin/../lib/gcc/arm-none-eabi/10.3.1/../../../../arm-none-eabi/lib/thumb/v7e-m+fp/softfp\libc.a(lib_a-vfprintf.o)
 .rodata._dtoa_r.str1.4
                0x1001cfc8       0xa2 c:/maximsdk/tools/gnutools/10.3/bin/../lib/gcc/arm-none-eabi/10.3.1/../../../../arm-none-eabi/lib/thumb/v7e-m+fp/softfp\libc.a(lib_a-dtoa.o)
                                 0xa6 (size before relaxing)
 *fill*         0x1001d06a        0x2 
 .rodata.__multadd.str1.4
                0x1001d06c       0x7f c:/maximsdk/tools/gnutools/10.3/bin/../lib/gcc/arm-none-eabi/10.3.1/../../../../arm-none-eabi/lib/thumb/v7e-m+fp/softfp\libc.a(lib_a-mprec.o)
                                 0x93 (size before relaxing)
 *fill*         0x1001d0eb        0x5 
 .rodata.__mprec_bigtens
                0x1001d0f0       0x28 c:/maximsdk/tools/gnutools/10.3/bin/../lib/gcc/arm-none-eabi/10.3.1/../../../../arm-none-eabi/lib/thumb/v7e-m+fp/softfp\libc.a(lib_a-mprec.o)
                0x1001d0f0                __mprec_bigtens
 .rodata.__mprec_tens
                0x1001d118       0xc8 c:/maximsdk/tools/gnutools/10.3/bin/../lib/gcc/arm-none-eabi/10.3.1/../../../../arm-none-eabi/lib/thumb/v7e-m+fp/softfp\libc.a(lib_a-mprec.o)
                0x1001d118                __mprec_tens
 .rodata.p05.0  0x1001d1e0        0xc c:/maximsdk/tools/gnutools/10.3/bin/../lib/gcc/arm-none-eabi/10.3.1/../../../../arm-none-eabi/lib/thumb/v7e-m+fp/softfp\libc.a(lib_a-mprec.o)
 .rodata._vfiprintf_r.str1.4
                0x1001d1ec       0x2f c:/maximsdk/tools/gnutools/10.3/bin/../lib/gcc/arm-none-eabi/10.3.1/../../../../arm-none-eabi/lib/thumb/v7e-m+fp/softfp\libc.a(lib_a-vfiprintf.o)
 .rodata.blanks.1
                0x1001d1ec       0x10 c:/maximsdk/tools/gnutools/10.3/bin/../lib/gcc/arm-none-eabi/10.3.1/../../../../arm-none-eabi/lib/thumb/v7e-m+fp/softfp\libc.a(lib_a-vfiprintf.o)
 .rodata.zeroes.0
                0x1001d1fc       0x10 c:/maximsdk/tools/gnutools/10.3/bin/../lib/gcc/arm-none-eabi/10.3.1/../../../../arm-none-eabi/lib/thumb/v7e-m+fp/softfp\libc.a(lib_a-vfiprintf.o)
 .rodata.__assert_func.str1.4
                0x1001d20c       0x3f c:/maximsdk/tools/gnutools/10.3/bin/../lib/gcc/arm-none-eabi/10.3.1/../../../../arm-none-eabi/lib/thumb/v7e-m+fp/softfp\libc.a(lib_a-assert.o)
                                 0x43 (size before relaxing)
 *fill*         0x1001d24b        0x1 
 .rodata._setlocale_r.str1.4
                0x1001d24c        0xa c:/maximsdk/tools/gnutools/10.3/bin/../lib/gcc/arm-none-eabi/10.3.1/../../../../arm-none-eabi/lib/thumb/v7e-m+fp/softfp\libc.a(lib_a-locale.o)
                                  0xd (size before relaxing)
 *fill*         0x1001d256        0x2 
 .rodata.str1.4
                0x1001d258        0x2 c:/maximsdk/tools/gnutools/10.3/bin/../lib/gcc/arm-none-eabi/10.3.1/../../../../arm-none-eabi/lib/thumb/v7e-m+fp/softfp\libc.a(lib_a-locale.o)
 *fill*         0x1001d25a        0x2 
 .rodata._ctype_
                0x1001d25c      0x101 c:/maximsdk/tools/gnutools/10.3/bin/../lib/gcc/arm-none-eabi/10.3.1/../../../../arm-none-eabi/lib/thumb/v7e-m+fp/softfp\libc.a(lib_a-ctype_.o)
                0x1001d25c                _ctype_
 *(.init)
 *fill*         0x1001d35d        0x3 
 .init          0x1001d360        0x4 c:/maximsdk/tools/gnutools/10.3/bin/../lib/gcc/arm-none-eabi/10.3.1/thumb/v7e-m+fp/softfp/crti.o
                0x1001d360                _init
 .init          0x1001d364        0x8 c:/maximsdk/tools/gnutools/10.3/bin/../lib/gcc/arm-none-eabi/10.3.1/thumb/v7e-m+fp/softfp/crtn.o
 *(.fini)
 .fini          0x1001d36c        0x4 c:/maximsdk/tools/gnutools/10.3/bin/../lib/gcc/arm-none-eabi/10.3.1/thumb/v7e-m+fp/softfp/crti.o
                0x1001d36c                _fini
 .fini          0x1001d370        0x8 c:/maximsdk/tools/gnutools/10.3/bin/../lib/gcc/arm-none-eabi/10.3.1/thumb/v7e-m+fp/softfp/crtn.o
 *crtbegin.o(.ctors)
 *crtbegin?.o(.ctors)